ARM Linker, 5.03 [Build 76] [MDK-ARM Lite]

==============================================================================

Section Cross References

    startup_tm4c123.o(STACK) refers (Special) to heapauxi.o(.text) for __use_two_region_memory
    startup_tm4c123.o(HEAP) refers (Special) to heapauxi.o(.text) for __use_two_region_memory
    startup_tm4c123.o(RESET) refers (Special) to heapauxi.o(.text) for __use_two_region_memory
    startup_tm4c123.o(RESET) refers to startup_tm4c123.o(STACK) for __initial_sp
    startup_tm4c123.o(RESET) refers to startup_tm4c123.o(.text) for Reset_Handler
    startup_tm4c123.o(.text) refers (Special) to heapauxi.o(.text) for __use_two_region_memory
    startup_tm4c123.o(.text) refers to main.o(.text) for SystemInit
    startup_tm4c123.o(.text) refers to __main.o(!!!main) for __main
    startup_tm4c123.o(.text) refers to startup_tm4c123.o(HEAP) for Heap_Mem
    startup_tm4c123.o(.text) refers to startup_tm4c123.o(STACK) for Stack_Mem
    main.o(.text) refers to systick.o(.text) for SysTick_Init
    main.o(.text) refers to lcd.o(.text) for LCD_init
    main.o(.text) refers to uart.o(.text) for UART0_Init
    main.o(.text) refers to gpio.o(.text) for init
    main.o(.text) refers to disance.o(.text) for calc_dist_bet_2_points
    main.o(.text) refers to faddsub_clz.o(x$fpl$fadd) for __aeabi_fadd
    main.o(.text) refers to frleqf.o(x$fpl$frleqf) for __aeabi_cfrcmple
    main.o(.text) refers to main.o(.data) for lang
    disance.o(.text) refers to _printf_percent.o(.ARM.Collect$$_printf_percent$$00000000) for _printf_percent
    disance.o(.text) refers to _printf_f.o(.ARM.Collect$$_printf_percent$$00000003) for _printf_f
    disance.o(.text) refers to printf1.o(x$fpl$printf1) for _printf_fp_dec
    disance.o(.text) refers to f2d.o(x$fpl$f2d) for __aeabi_f2d
    disance.o(.text) refers to dmul.o(x$fpl$dmul) for __aeabi_dmul
    disance.o(.text) refers to ddiv.o(x$fpl$ddiv) for __aeabi_ddiv
    disance.o(.text) refers to d2f.o(x$fpl$d2f) for __aeabi_d2f
    disance.o(.text) refers to faddsub_clz.o(x$fpl$frsb) for __aeabi_frsub
    disance.o(.text) refers to faddsub_clz.o(x$fpl$fsub) for __aeabi_fsub
    disance.o(.text) refers to fdiv.o(x$fpl$fdiv) for __aeabi_fdiv
    disance.o(.text) refers to sin.o(i.sin) for sin
    disance.o(.text) refers to cos.o(i.cos) for cos
    disance.o(.text) refers to daddsub_clz.o(x$fpl$dadd) for __aeabi_dadd
    disance.o(.text) refers to sqrt.o(i.sqrt) for sqrt
    disance.o(.text) refers to atan2.o(i.atan2) for atan2
    disance.o(.text) refers to fmul.o(x$fpl$fmul) for __aeabi_fmul
    disance.o(.text) refers to noretval__2sprintf.o(.text) for __2sprintf
    lcd.o(.text) refers to _printf_percent.o(.ARM.Collect$$_printf_percent$$00000000) for _printf_percent
    lcd.o(.text) refers to _printf_f.o(.ARM.Collect$$_printf_percent$$00000003) for _printf_f
    lcd.o(.text) refers to printf1.o(x$fpl$printf1) for _printf_fp_dec
    lcd.o(.text) refers to systick.o(.text) for SysTick_Wait1us
    lcd.o(.text) refers to f2d.o(x$fpl$f2d) for __aeabi_f2d
    lcd.o(.text) refers to noretval__2sprintf.o(.text) for __2sprintf
    gpscutting.o(.text) refers to uart.o(.text) for UART0_Read
    gpscutting.o(.text) refers to strtok.o(.text) for strtok
    gpscutting.o(.text) refers to strcpy.o(.text) for strcpy
    gpscutting.o(.text) refers to strcmpv7m.o(.text) for strcmp
    __2sprintf.o(.text) refers to _printf_char_common.o(.text) for _printf_char_common
    __2sprintf.o(.text) refers to _sputc.o(.text) for _sputc
    noretval__2sprintf.o(.text) refers to _printf_char_common.o(.text) for _printf_char_common
    noretval__2sprintf.o(.text) refers to _sputc.o(.text) for _sputc
    __printf.o(.text) refers to _printf_percent.o(.ARM.Collect$$_printf_percent$$00000000) for _printf_percent
    __printf_flags.o(.text) refers to _printf_percent.o(.ARM.Collect$$_printf_percent$$00000000) for _printf_percent
    __printf_flags.o(.text) refers to __printf_flags.o(.constdata) for .constdata
    __printf_ss.o(.text) refers to _printf_percent.o(.ARM.Collect$$_printf_percent$$00000000) for _printf_percent
    __printf_flags_ss.o(.text) refers to _printf_percent.o(.ARM.Collect$$_printf_percent$$00000000) for _printf_percent
    __printf_flags_ss.o(.text) refers to __printf_flags_ss.o(.constdata) for .constdata
    __printf_wp.o(.text) refers to __printf_wp.o(i._is_digit) for _is_digit
    __printf_wp.o(.text) refers to _printf_percent.o(.ARM.Collect$$_printf_percent$$00000000) for _printf_percent
    __printf_flags_wp.o(.text) refers to __printf_wp.o(i._is_digit) for _is_digit
    __printf_flags_wp.o(.text) refers to _printf_percent.o(.ARM.Collect$$_printf_percent$$00000000) for _printf_percent
    __printf_flags_wp.o(.text) refers to __printf_flags_wp.o(.constdata) for .constdata
    __printf_ss_wp.o(.text) refers to __printf_wp.o(i._is_digit) for _is_digit
[...]
    libinit.o(.ARM.Collect$$libinit$$00000000) refers (Special) to libinit2.o(.ARM.Collect$$libinit$$00000017) for __rt_lib_init_lc_time_1
    libinit.o(.ARM.Collect$$libinit$$00000000) refers (Special) to libinit2.o(.ARM.Collect$$libinit$$0000000C) for __rt_lib_init_rand_1
    libinit.o(.ARM.Collect$$libinit$$00000000) refers (Special) to libinit2.o(.ARM.Collect$$libinit$$00000031) for __rt_lib_init_return
    libinit.o(.ARM.Collect$$libinit$$00000000) refers (Special) to libinit2.o(.ARM.Collect$$libinit$$0000001B) for __rt_lib_init_signal_1
    libinit.o(.ARM.Collect$$libinit$$00000000) refers (Special) to libinit2.o(.ARM.Collect$$libinit$$00000023) for __rt_lib_init_stdio_1
    libinit.o(.ARM.Collect$$libinit$$00000000) refers (Special) to libinit2.o(.ARM.Collect$$libinit$$0000000A) for __rt_lib_init_user_alloc_1
    libinit2.o(.ARM.Collect$$libinit$$0000000D) refers (Weak) to rt_locale_intlibspace.o(.text) for __rt_locale
    libinit2.o(.ARM.Collect$$libinit$$0000000E) refers to libinit2.o(.ARM.Collect$$libinit$$0000000D) for .ARM.Collect$$libinit$$0000000D
    libinit2.o(.ARM.Collect$$libinit$$00000010) refers to libinit2.o(.ARM.Collect$$libinit$$0000000D) for .ARM.Collect$$libinit$$0000000D
    libinit2.o(.ARM.Collect$$libinit$$00000012) refers to libinit2.o(.ARM.Collect$$libinit$$0000000D) for .ARM.Collect$$libinit$$0000000D
    libinit2.o(.ARM.Collect$$libinit$$00000014) refers to libinit2.o(.ARM.Collect$$libinit$$0000000D) for .ARM.Collect$$libinit$$0000000D
    libinit2.o(.ARM.Collect$$libinit$$00000014) refers (Weak) to lc_numeric_c.o(locale$$code) for _get_lc_numeric
    libinit2.o(.ARM.Collect$$libinit$$00000016) refers to libinit2.o(.ARM.Collect$$libinit$$0000000D) for .ARM.Collect$$libinit$$0000000D
    libinit2.o(.ARM.Collect$$libinit$$00000024) refers to argv_veneer.o(.emb_text) for __ARM_argv_veneer
    libinit2.o(.ARM.Collect$$libinit$$00000025) refers to argv_veneer.o(.emb_text) for __ARM_argv_veneer
    retnan.o(x$fpl$retnan) refers (Special) to usenofp.o(x$fpl$usenofp) for __I$use$fp
    retnan.o(x$fpl$retnan) refers to trapv.o(x$fpl$trapveneer) for __fpl_cmpreturn
    rtexit.o(.ARM.Collect$$rtexit$$00000000) refers (Special) to rtexit2.o(.ARM.Collect$$rtexit$$00000004) for __rt_exit_exit
    rtexit.o(.ARM.Collect$$rtexit$$00000000) refers (Special) to rtexit2.o(.ARM.Collect$$rtexit$$00000003) for __rt_exit_ls
    rtexit.o(.ARM.Collect$$rtexit$$00000000) refers (Special) to rtexit2.o(.ARM.Collect$$rtexit$$00000002) for __rt_exit_prels_1
    rtexit.o(.ARM.exidx) refers (Special) to rtexit2.o(.ARM.Collect$$rtexit$$00000004) for __rt_exit_exit
    rtexit.o(.ARM.exidx) refers (Special) to rtexit2.o(.ARM.Collect$$rtexit$$00000003) for __rt_exit_ls
    rtexit.o(.ARM.exidx) refers (Special) to rtexit2.o(.ARM.Collect$$rtexit$$00000002) for __rt_exit_prels_1
    rtexit.o(.ARM.exidx) refers to rtexit.o(.ARM.Collect$$rtexit$$00000000) for .ARM.Collect$$rtexit$$00000000
    argv_veneer.o(.emb_text) refers to no_argv.o(.text) for __ARM_get_argv
    trapv.o(x$fpl$trapveneer) refers (Special) to usenofp.o(x$fpl$usenofp) for __I$use$fp
    rtexit2.o(.ARM.Collect$$rtexit$$00000003) refers to libshutdown.o(.ARM.Collect$$libshutdown$$00000000) for __rt_lib_shutdown
    rtexit2.o(.ARM.Collect$$rtexit$$00000004) refers to sys_exit.o(.text) for _sys_exit
    rtexit2.o(.ARM.exidx) refers to rtexit2.o(.ARM.Collect$$rtexit$$00000001) for .ARM.Collect$$rtexit$$00000001
    rtexit2.o(.ARM.exidx) refers to rtexit2.o(.ARM.Collect$$rtexit$$00000003) for .ARM.Collect$$rtexit$$00000003
    rtexit2.o(.ARM.exidx) refers to rtexit2.o(.ARM.Collect$$rtexit$$00000004) for .ARM.Collect$$rtexit$$00000004
    _get_argv_nomalloc.o(.text) refers (Special) to hrguard.o(.text) for __heap_region$guard
    _get_argv_nomalloc.o(.text) refers to defsig_rtmem_outer.o(.text) for __rt_SIGRTMEM
    _get_argv_nomalloc.o(.text) refers to sys_command.o(.text) for _sys_command_string
    sys_command.o(.text) refers (Special) to use_no_semi.o(.text) for __I$use$semihosting
    sys_command.o(.text) refers (Special) to indicate_semi.o(.text) for __semihosting_library_function
    sys_exit.o(.text) refers (Special) to use_no_semi.o(.text) for __I$use$semihosting
    sys_exit.o(.text) refers (Special) to indicate_semi.o(.text) for __semihosting_library_function
    defsig_rtmem_outer.o(.text) refers to defsig_rtmem_inner.o(.text) for __rt_SIGRTMEM_inner
    defsig_rtmem_outer.o(.text) refers to defsig_exit.o(.text) for __sig_exit
    defsig_rtmem_formal.o(.text) refers to rt_raise.o(.text) for __rt_raise
    libshutdown.o(.ARM.Collect$$libshutdown$$00000000) refers (Special) to libshutdown2.o(.ARM.Collect$$libshutdown$$00000006) for __rt_lib_shutdown_fp_trap_1
    libshutdown.o(.ARM.Collect$$libshutdown$$00000000) refers (Special) to libshutdown2.o(.ARM.Collect$$libshutdown$$0000000E) for __rt_lib_shutdown_heap_1
    libshutdown.o(.ARM.Collect$$libshutdown$$00000000) refers (Special) to libshutdown2.o(.ARM.Collect$$libshutdown$$0000000F) for __rt_lib_shutdown_return
    libshutdown.o(.ARM.Collect$$libshutdown$$00000000) refers (Special) to libshutdown2.o(.ARM.Collect$$libshutdown$$00000009) for __rt_lib_shutdown_signal_1
    libshutdown.o(.ARM.Collect$$libshutdown$$00000000) refers (Special) to libshutdown2.o(.ARM.Collect$$libshutdown$$00000003) for __rt_lib_shutdown_stdio_1
    libshutdown.o(.ARM.Collect$$libshutdown$$00000000) refers (Special) to libshutdown2.o(.ARM.Collect$$libshutdown$$0000000B) for __rt_lib_shutdown_user_alloc_1
    rt_raise.o(.text) refers to __raise.o(.text) for __raise
    rt_raise.o(.text) refers to sys_exit.o(.text) for _sys_exit
    defsig_exit.o(.text) refers to sys_exit.o(.text) for _sys_exit
    defsig_rtmem_inner.o(.text) refers to defsig_general.o(.text) for __default_signal_display
    __raise.o(.text) refers to defsig.o(CL$$defsig) for __default_signal_handler
    defsig_general.o(.text) refers to sys_wrch.o(.text) for _ttywrch
    sys_wrch.o(.text) refers (Special) to use_no_semi.o(.text) for __I$use$semihosting
    sys_wrch.o(.text) refers (Special) to indicate_semi.o(.text) for __semihosting_library_function
    defsig.o(CL$$defsig) refers to defsig_rtmem_inner.o(.text) for __rt_SIGRTMEM_inner
    defsig_abrt_inner.o(.text) refers to defsig_general.o(.text) for __default_signal_display
    defsig_fpe_inner.o(.text) refers to defsig_general.o(.text) for __default_signal_display
    defsig_rtred_inner.o(.text) refers to defsig_general.o(.text) for __default_signal_display
    defsig_stak_inner.o(.text) refers to defsig_general.o(.text) for __default_signal_display
    defsig_pvfn_inner.o(.text) refers to defsig_general.o(.text) for __default_signal_display
    defsig_cppl_inner.o(.text) refers to defsig_general.o(.text) for __default_signal_display
    defsig_segv_inner.o(.text) refers to defsig_general.o(.text) for __default_signal_display
    defsig_other.o(.text) refers to defsig_general.o(.text) for __default_signal_display


==============================================================================

Removing Unused input sections from the image.

    Removing gpscutting.o(.text), (308 bytes).
    Removing uart2.o(.text), (192 bytes).

2 unused section(s) (total 500 bytes) removed from the image.

==============================================================================

Image Symbol Table

    Local Symbols

    Symbol Name                              Value     Ov Type        Size  Object(Section)

    RESET                                    0x00000000   Section      620  startup_tm4c123.o(RESET)
    ../clib/angel/boardlib.s                 0x00000000   Number         0  boardshut.o ABSOLUTE
    ../clib/angel/boardlib.s                 0x00000000   Number         0  boardinit1.o ABSOLUTE
    ../clib/angel/boardlib.s                 0x00000000   Number         0  boardinit2.o ABSOLUTE
    ../clib/angel/boardlib.s                 0x00000000   Number         0  boardinit3.o ABSOLUTE
    ../clib/angel/handlers.s                 0x00000000   Number         0  __scatter_copy.o ABSOLUTE
    ../clib/angel/handlers.s                 0x00000000   Number         0  __scatter_zi.o ABSOLUTE
    ../clib/angel/kernel.s                   0x00000000   Number         0  rtexit.o ABSOLUTE
    ../clib/angel/kernel.s                   0x00000000   Number         0  rtexit2.o ABSOLUTE
    ../clib/angel/kernel.s                   0x00000000   Number         0  rtentry2.o ABSOLUTE
    ../clib/angel/kernel.s                   0x00000000   Number         0  rtentry4.o ABSOLUTE
    ../clib/angel/kernel.s                   0x00000000   Number         0  rtentry.o ABSOLUTE
    ../clib/angel/rt.s                       0x00000000   Number         0  rt_errno_addr_intlibspace.o ABSOLUTE
    ../clib/angel/rt.s                       0x00000000   Number         0  rt_errno_addr.o ABSOLUTE
    ../clib/angel/rt.s                       0x00000000   Number         0  rt_locale_intlibspace.o ABSOLUTE
    ../clib/angel/rt.s                       0x00000000   Number         0  rt_locale.o ABSOLUTE
    ../clib/angel/rt.s                       0x00000000   Number         0  rt_raise.o ABSOLUTE
    ../clib/angel/scatter.s                  0x00000000   Number         0  __scatter.o ABSOLUTE
    ../clib/angel/startup.s                  0x00000000   Number         0  __main.o ABSOLUTE
    ../clib/angel/sys.s                      0x00000000   Number         0  use_no_semi.o ABSOLUTE
    ../clib/angel/sys.s                      0x00000000   Number         0  indicate_semi.o ABSOLUTE
    ../clib/angel/sys.s                      0x00000000   Number         0  sys_stackheap_outer.o ABSOLUTE
    ../clib/angel/sys.s                      0x00000000   Number         0  libspace.o ABSOLUTE
    ../clib/angel/sysapp.c                   0x00000000   Number         0  sys_wrch.o ABSOLUTE
    ../clib/angel/sysapp.c                   0x00000000   Number         0  sys_command.o ABSOLUTE
    ../clib/angel/sysapp.c                   0x00000000   Number         0  sys_exit.o ABSOLUTE
    ../clib/armsys.c                         0x00000000   Number         0  _get_argv_nomalloc.o ABSOLUTE
    ../clib/armsys.c                         0x00000000   Number         0  no_argv.o ABSOLUTE
    ../clib/armsys.c                         0x00000000   Number         0  argv_veneer.o ABSOLUTE
    ../clib/armsys.c                         0x00000000   Number         0  argv_veneer.o ABSOLUTE
    ../clib/bigflt.c                         0x00000000   Number         0  bigflt0.o ABSOLUTE
    ../clib/btod.s                           0x00000000   Number         0  btod.o ABSOLUTE
    ../clib/fenv.c                           0x00000000   Number         0  _rserrno.o ABSOLUTE
    ../clib/heapalloc.c                      0x00000000   Number         0  hrguard.o ABSOLUTE
    ../clib/heapaux.c                        0x00000000   Number         0  heapauxi.o ABSOLUTE
    ../clib/libinit.s                        0x00000000   Number         0  libinit2.o ABSOLUTE
    ../clib/libinit.s                        0x00000000   Number         0  libinit.o ABSOLUTE
    ../clib/libinit.s                        0x00000000   Number         0  libshutdown.o ABSOLUTE
    ../clib/libinit.s                        0x00000000   Number         0  libshutdown2.o ABSOLUTE
    ../clib/locale.s                         0x00000000   Number         0  lc_numeric_c.o ABSOLUTE
    ../clib/longlong.s                       0x00000000   Number         0  lludiv10.o ABSOLUTE
    ../clib/memcpset.s                       0x00000000   Number         0  strcmpv7m.o ABSOLUTE
    ../clib/printf.c                         0x00000000   Number         0  __printf_nopercent.o ABSOLUTE
    ../clib/printf.c                         0x00000000   Number         0  _sputc.o ABSOLUTE
    ../clib/printf.c                         0x00000000   Number         0  _printf_char_common.o ABSOLUTE
    ../clib/printf.c                         0x00000000   Number         0  __printf_flags.o ABSOLUTE
    ../clib/printf.c                         0x00000000   Number         0  __printf_ss_wp.o ABSOLUTE
    ../clib/printf.c                         0x00000000   Number         0  __2sprintf.o ABSOLUTE
    ../clib/printf.c                         0x00000000   Number         0  noretval__2sprintf.o ABSOLUTE
    ../clib/printf.c                         0x00000000   Number         0  __printf_flags_wp.o ABSOLUTE
    ../clib/printf.c                         0x00000000   Number         0  __printf.o ABSOLUTE
    ../clib/printf.c                         0x00000000   Number         0  _printf_fp_dec.o ABSOLUTE
    ../clib/printf.c                         0x00000000   Number         0  __printf_flags_ss_wp.o ABSOLUTE
    ../clib/printf.c                         0x00000000   Number         0  __printf_wp.o ABSOLUTE
    ../clib/printf.c                         0x00000000   Number         0  _printf_fp_infnan.o ABSOLUTE
    ../clib/printf.c                         0x00000000   Number         0  __printf_flags_ss.o ABSOLUTE
    ../clib/printf.c                         0x00000000   Number         0  __printf_ss.o ABSOLUTE
    ../clib/printf_percent.s                 0x00000000   Number         0  _printf_percent_end.o ABSOLUTE
    ../clib/printf_percent.s                 0x00000000   Number         0  _printf_percent.o ABSOLUTE
    ../clib/printf_percent.s                 0x00000000   Number         0  _printf_f.o ABSOLUTE
    ../clib/signal.c                         0x00000000   Number         0  defsig_abrt_inner.o ABSOLUTE
    ../clib/signal.c                         0x00000000   Number         0  defsig_pvfn_inner.o ABSOLUTE
    ../clib/signal.c                         0x00000000   Number         0  defsig_cppl_inner.o ABSOLUTE
    ../clib/signal.c                         0x00000000   Number         0  defsig_stak_inner.o ABSOLUTE
    ../clib/signal.c                         0x00000000   Number         0  defsig_rtred_inner.o ABSOLUTE
    ../clib/signal.c                         0x00000000   Number         0  defsig_fpe_inner.o ABSOLUTE
    ../clib/signal.c                         0x00000000   Number         0  defsig_rtmem_formal.o ABSOLUTE
    ../clib/signal.c                         0x00000000   Number         0  defsig_rtmem_inner.o ABSOLUTE
    ../clib/signal.c                         0x00000000   Number         0  defsig_rtmem_outer.o ABSOLUTE
    ../clib/signal.c                         0x00000000   Number         0  defsig_exit.o ABSOLUTE
    ../clib/signal.c                         0x00000000   Number         0  __raise.o ABSOLUTE
    ../clib/signal.c                         0x00000000   Number         0  defsig_segv_inner.o ABSOLUTE
    ../clib/signal.c                         0x00000000   Number         0  defsig_general.o ABSOLUTE
    ../clib/signal.c                         0x00000000   Number         0  defsig_other.o ABSOLUTE
    ../clib/signal.s                         0x00000000   Number         0  defsig.o ABSOLUTE
    ../clib/stdlib.c                         0x00000000   Number         0  exit.o ABSOLUTE
    ../clib/string.c                         0x00000000   Number         0  strcpy.o ABSOLUTE
    ../clib/string.c                         0x00000000   Number         0  strtok_int.o ABSOLUTE
    ../clib/string.c                         0x00000000   Number         0  strspn.o ABSOLUTE
    ../clib/string.c                         0x00000000   Number         0  strcspn.o ABSOLUTE
    ../clib/string.c                         0x00000000   Number         0  strtok.o ABSOLUTE
    ../fplib/d2f.s                           0x00000000   Number         0  d2f.o ABSOLUTE
    ../fplib/daddsub.s                       0x00000000   Number         0  daddsub_clz.o ABSOLUTE
    ../fplib/dcheck1.s                       0x00000000   Number         0  dcheck1.o ABSOLUTE
    ../fplib/dcmpi.s                         0x00000000   Number         0  dcmpi.o ABSOLUTE
    ../fplib/ddiv.s                          0x00000000   Number         0  ddiv.o ABSOLUTE
    ../fplib/dfix.s                          0x00000000   Number         0  dfix.o ABSOLUTE
    ../fplib/dflt.s                          0x00000000   Number         0  dflt_clz.o ABSOLUTE
    ../fplib/dleqf.s                         0x00000000   Number         0  dleqf.o ABSOLUTE
    ../fplib/dmul.s                          0x00000000   Number         0  dmul.o ABSOLUTE
    ../fplib/dnaninf.s                       0x00000000   Number         0  dnaninf.o ABSOLUTE
    ../fplib/dretinf.s                       0x00000000   Number         0  dretinf.o ABSOLUTE
    ../fplib/dsqrt.s                         0x00000000   Number         0  dsqrt_umaal.o ABSOLUTE
    ../fplib/f2d.s                           0x00000000   Number         0  f2d.o ABSOLUTE
    ../fplib/faddsub.s                       0x00000000   Number         0  faddsub_clz.o ABSOLUTE
    ../fplib/fcmpi.s                         0x00000000   Number         0  fcmpi.o ABSOLUTE
    ../fplib/fdiv.s                          0x00000000   Number         0  fdiv.o ABSOLUTE
    ../fplib/fleqf.s                         0x00000000   Number         0  fleqf.o ABSOLUTE
    ../fplib/fmul.s                          0x00000000   Number         0  fmul.o ABSOLUTE
    ../fplib/fnaninf.s                       0x00000000   Number         0  fnaninf.o ABSOLUTE
    ../fplib/fpinit.s                        0x00000000   Number         0  fpinit.o ABSOLUTE
    ../fplib/fretinf.s                       0x00000000   Number         0  fretinf.o ABSOLUTE
    ../fplib/frleqf.s                        0x00000000   Number         0  frleqf.o ABSOLUTE
    ../fplib/istatus.s                       0x00000000   Number         0  istatus.o ABSOLUTE
    ../fplib/printf1.s                       0x00000000   Number         0  printf1.o ABSOLUTE
    ../fplib/retnan.s                        0x00000000   Number         0  retnan.o ABSOLUTE
    ../fplib/scalbn.s                        0x00000000   Number         0  scalbn.o ABSOLUTE
    ../fplib/trapv.s                         0x00000000   Number         0  trapv.o ABSOLUTE
    ../fplib/usenofp.s                       0x00000000   Number         0  usenofp.o ABSOLUTE
    ../mathlib/atan.c                        0x00000000   Number         0  atan_x.o ABSOLUTE
    ../mathlib/atan.c                        0x00000000   Number         0  atan.o ABSOLUTE
    ../mathlib/atan2.c                       0x00000000   Number         0  atan2_x.o ABSOLUTE
    ../mathlib/atan2.c                       0x00000000   Number         0  atan2.o ABSOLUTE
    ../mathlib/cos.c                         0x00000000   Number         0  cos_x.o ABSOLUTE
    ../mathlib/cos.c                         0x00000000   Number         0  cos.o ABSOLUTE
    ../mathlib/cos_i.c                       0x00000000   Number         0  cos_i.o ABSOLUTE
    ../mathlib/dunder.c                      0x00000000   Number         0  dunder.o ABSOLUTE
    ../mathlib/fpclassify.c                  0x00000000   Number         0  fpclassify.o ABSOLUTE
    ../mathlib/poly.c                        0x00000000   Number         0  poly.o ABSOLUTE
    ../mathlib/qnan.c                        0x00000000   Number         0  qnan.o ABSOLUTE
    ../mathlib/rred.c                        0x00000000   Number         0  rred.o ABSOLUTE
    ../mathlib/sin.c                         0x00000000   Number         0  sin.o ABSOLUTE
    ../mathlib/sin.c                         0x00000000   Number         0  sin_x.o ABSOLUTE
    ../mathlib/sin_i.c                       0x00000000   Number         0  sin_i_x.o ABSOLUTE
    ../mathlib/sin_i.c                       0x00000000   Number         0  sin_i.o ABSOLUTE
    ../mathlib/sqrt.c                        0x00000000   Number         0  sqrt_x.o ABSOLUTE
    ../mathlib/sqrt.c                        0x00000000   Number         0  sqrt.o ABSOLUTE
    GPIO.c                                   0x00000000   Number         0  gpio.o ABSOLUTE
    GPScutting.c                             0x00000000   Number         0  gpscutting.o ABSOLUTE
    dc.s                                     0x00000000   Number         0  dc.o ABSOLUTE
    disance.c                                0x00000000   Number         0  disance.o ABSOLUTE
    lcd.c                                    0x00000000   Number         0  lcd.o ABSOLUTE
    main.c                                   0x00000000   Number         0  main.o ABSOLUTE
    startup_TM4C123.s                        0x00000000   Number         0  startup_tm4c123.o ABSOLUTE
    systick.c                                0x00000000   Number         0  systick.o ABSOLUTE
    uart.c                                   0x00000000   Number         0  uart.o ABSOLUTE
    uart2.c                                  0x00000000   Number         0  uart2.o ABSOLUTE
    !!!main                                  0x0000026c   Section        8  __main.o(!!!main)
    !!!scatter                               0x00000274   Section       52  __scatter.o(!!!scatter)
    !!handler_copy                           0x000002a8   Section       26  __scatter_copy.o(!!handler_copy)
    !!handler_zi                             0x000002c4   Section       28  __scatter_zi.o(!!handler_zi)
    .ARM.Collect$$_printf_percent$$00000000  0x000002e0   Section        0  _printf_percent.o(.ARM.Collect$$_printf_percent$$00000000)
    .ARM.Collect$$_printf_percent$$00000003  0x000002e0   Section        6  _printf_f.o(.ARM.Collect$$_printf_percent$$00000003)
    .ARM.Collect$$_printf_percent$$00000017  0x000002e6   Section        4  _printf_percent_end.o(.ARM.Collect$$_printf_percent$$00000017)
    .ARM.Collect$$libinit$$00000000          0x000002ea   Section        2  libinit.o(.ARM.Collect$$libinit$$00000000)
    .ARM.Collect$$libinit$$00000002          0x000002ec   Section        0  libinit2.o(.ARM.Collect$$libinit$$00000002)
    .ARM.Collect$$libinit$$00000008          0x000002ec   Section        0  libinit2.o(.ARM.Collect$$libinit$$00000008)
    .ARM.Collect$$libinit$$0000000A          0x000002ec   Section        0  libinit2.o(.ARM.Collect$$libinit$$0000000A)
    .ARM.Collect$$libinit$$0000000C          0x000002ec   Section        0  libinit2.o(.ARM.Collect$$libinit$$0000000C)
    .ARM.Collect$$libinit$$0000000D          0x000002ec   Section        6  libinit2.o(.ARM.Collect$$libinit$$0000000D)
    .ARM.Collect$$libinit$$0000000F          0x000002f2   Section        0  libinit2.o(.ARM.Collect$$libinit$$0000000F)
    .ARM.Collect$$libinit$$00000011          0x000002f2   Section        0  libinit2.o(.ARM.Collect$$libinit$$00000011)
    .ARM.Collect$$libinit$$00000013          0x000002f2   Section        0  libinit2.o(.ARM.Collect$$libinit$$00000013)
    .ARM.Collect$$libinit$$00000014          0x000002f2   Section       10  libinit2.o(.ARM.Collect$$libinit$$00000014)
    .ARM.Collect$$libinit$$00000015          0x000002fc   Section        0  libinit2.o(.ARM.Collect$$libinit$$00000015)
    .ARM.Collect$$libinit$$00000017          0x000002fc   Section        0  libinit2.o(.ARM.Collect$$libinit$$00000017)
    .ARM.Collect$$libinit$$00000019          0x000002fc   Section        0  libinit2.o(.ARM.Collect$$libinit$$00000019)
    .ARM.Collect$$libinit$$0000001B          0x000002fc   Section        0  libinit2.o(.ARM.Collect$$libinit$$0000001B)
    .ARM.Collect$$libinit$$0000001D          0x000002fc   Section        0  libinit2.o(.ARM.Collect$$libinit$$0000001D)
    .ARM.Collect$$libinit$$0000001F          0x000002fc   Section        0  libinit2.o(.ARM.Collect$$libinit$$0000001F)
    .ARM.Collect$$libinit$$00000021          0x000002fc   Section        0  libinit2.o(.ARM.Collect$$libinit$$00000021)
    .ARM.Collect$$libinit$$00000023          0x000002fc   Section        0  libinit2.o(.ARM.Collect$$libinit$$00000023)
    .ARM.Collect$$libinit$$0000002A          0x000002fc   Section        0  libinit2.o(.ARM.Collect$$libinit$$0000002A)
    .ARM.Collect$$libinit$$0000002C          0x000002fc   Section        0  libinit2.o(.ARM.Collect$$libinit$$0000002C)
    .ARM.Collect$$libinit$$0000002E          0x000002fc   Section        0  libinit2.o(.ARM.Collect$$libinit$$0000002E)
    .ARM.Collect$$libinit$$00000030          0x000002fc   Section        0  libinit2.o(.ARM.Collect$$libinit$$00000030)
    .ARM.Collect$$libinit$$00000031          0x000002fc   Section        2  libinit2.o(.ARM.Collect$$libinit$$00000031)
    .ARM.Collect$$libshutdown$$00000000      0x000002fe   Section        2  libshutdown.o(.ARM.Collect$$libshutdown$$00000000)
    .ARM.Collect$$libshutdown$$00000003      0x00000300   Section        0  libshutdown2.o(.ARM.Collect$$libshutdown$$00000003)
    .ARM.Collect$$libshutdown$$00000006      0x00000300   Section        0  libshutdown2.o(.ARM.Collect$$libshutdown$$00000006)
    .ARM.Collect$$libshutdown$$00000009      0x00000300   Section        0  libshutdown2.o(.ARM.Collect$$libshutdown$$00000009)
    .ARM.Collect$$libshutdown$$0000000B      0x00000300   Section        0  libshutdown2.o(.ARM.Collect$$libshutdown$$0000000B)
    .ARM.Collect$$libshutdown$$0000000E      0x00000300   Section        0  libshutdown2.o(.ARM.Collect$$libshutdown$$0000000E)
    .ARM.Collect$$libshutdown$$0000000F      0x00000300   Section        2  libshutdown2.o(.ARM.Collect$$libshutdown$$0000000F)
    .ARM.Collect$$rtentry$$00000000          0x00000302   Section        0  rtentry.o(.ARM.Collect$$rtentry$$00000000)
    .ARM.Collect$$rtentry$$00000002          0x00000302   Section        0  rtentry2.o(.ARM.Collect$$rtentry$$00000002)
    .ARM.Collect$$rtentry$$00000004          0x00000302   Section        6  rtentry4.o(.ARM.Collect$$rtentry$$00000004)
    .ARM.Collect$$rtentry$$00000009          0x00000308   Section        0  rtentry2.o(.ARM.Collect$$rtentry$$00000009)
    .ARM.Collect$$rtentry$$0000000A          0x00000308   Section        4  rtentry2.o(.ARM.Collect$$rtentry$$0000000A)
    .ARM.Collect$$rtentry$$0000000C          0x0000030c   Section        0  rtentry2.o(.ARM.Collect$$rtentry$$0000000C)
    .ARM.Collect$$rtentry$$0000000D          0x0000030c   Section        8  rtentry2.o(.ARM.Collect$$rtentry$$0000000D)
    .ARM.Collect$$rtexit$$00000000           0x00000314   Section        2  rtexit.o(.ARM.Collect$$rtexit$$00000000)
    .ARM.Collect$$rtexit$$00000002           0x00000316   Section        0  rtexit2.o(.ARM.Collect$$rtexit$$00000002)
    .ARM.Collect$$rtexit$$00000003           0x00000316   Section        4  rtexit2.o(.ARM.Collect$$rtexit$$00000003)
    .ARM.Collect$$rtexit$$00000004           0x0000031a   Section        6  rtexit2.o(.ARM.Collect$$rtexit$$00000004)
    .text                                    0x00000320   Section      276  startup_tm4c123.o(.text)
    .text                                    0x00000434   Section        0  main.o(.text)
    .text                                    0x000004b0   Section        0  gpio.o(.text)
    .text                                    0x00000534   Section        0  disance.o(.text)
    .text                                    0x000006f4   Section        0  systick.o(.text)
    .text                                    0x00000770   Section        0  uart.o(.text)
    .text                                    0x0000082c   Section        0  lcd.o(.text)
    .text                                    0x00000af8   Section        0  noretval__2sprintf.o(.text)
    .text                                    0x00000b20   Section        0  __printf.o(.text)
    .text                                    0x00000b88   Section      128  strcmpv7m.o(.text)
    .text                                    0x00000c08   Section        0  heapauxi.o(.text)
    .text                                    0x00000c0e   Section        0  _rserrno.o(.text)
    .text                                    0x00000c24   Section        0  _printf_fp_dec.o(.text)
    _fp_digits                               0x00000c27   Thumb Code   426  _printf_fp_dec.o(.text)
    .text                                    0x00001044   Section        0  _printf_char_common.o(.text)
    _printf_input_char                       0x00001045   Thumb Code    10  _printf_char_common.o(.text)
    .text                                    0x00001074   Section        0  _sputc.o(.text)
    .text                                    0x00001080   Section        8  rt_locale_intlibspace.o(.text)
    .text                                    0x00001088   Section        8  rt_errno_addr_intlibspace.o(.text)
    .text                                    0x00001090   Section      138  lludiv10.o(.text)
    .text                                    0x0000111c   Section        0  _printf_fp_infnan.o(.text)
    .text                                    0x0000119c   Section        0  bigflt0.o(.text)
    .text                                    0x00001280   Section        8  libspace.o(.text)
    .text                                    0x00001288   Section       74  sys_stackheap_outer.o(.text)
    .text                                    0x000012d2   Section        0  exit.o(.text)
    .text                                    0x000012e0   Section        0  sys_exit.o(.text)
    .text                                    0x000012ec   Section        2  use_no_semi.o(.text)
    .text                                    0x000012ee   Section        0  indicate_semi.o(.text)
    CL$$btod_d2e                             0x000012ee   Section       62  btod.o(CL$$btod_d2e)
    CL$$btod_d2e_denorm_low                  0x0000132c   Section       70  btod.o(CL$$btod_d2e_denorm_low)
    CL$$btod_d2e_norm_op1                    0x00001372   Section       96  btod.o(CL$$btod_d2e_norm_op1)
    CL$$btod_div_common                      0x000013d2   Section      824  btod.o(CL$$btod_div_common)
    CL$$btod_e2e                             0x0000170a   Section      198  btod.o(CL$$btod_e2e)
    CL$$btod_ediv                            0x000017d0   Section       40  btod.o(CL$$btod_ediv)
    CL$$btod_emul                            0x000017f8   Section       40  btod.o(CL$$btod_emul)
    CL$$btod_mult_common                     0x00001820   Section      580  btod.o(CL$$btod_mult_common)
    i.__ARM_fpclassify                       0x00001a64   Section        0  fpclassify.o(i.__ARM_fpclassify)
    i.__ieee754_rem_pio2                     0x00001a8c   Section        0  rred.o(i.__ieee754_rem_pio2)
    i.__kernel_cos                           0x00001e14   Section        0  cos_i.o(i.__kernel_cos)
    i.__kernel_poly                          0x00001f10   Section        0  poly.o(i.__kernel_poly)
    i.__kernel_sin                           0x00001fbc   Section        0  sin_i.o(i.__kernel_sin)
    i.__mathlib_dbl_underflow                0x000020a8   Section        0  dunder.o(i.__mathlib_dbl_underflow)
    i.atan                                   0x000020b8   Section        0  atan.o(i.atan)
    i.atan2                                  0x000022dc   Section        0  atan2.o(i.atan2)
    i.cos                                    0x0000245c   Section        0  cos.o(i.cos)
    i.sin                                    0x00002508   Section        0  sin.o(i.sin)
    i.sqrt                                   0x000025b8   Section        0  sqrt.o(i.sqrt)
    locale$$code                             0x00002604   Section       44  lc_numeric_c.o(locale$$code)
    x$fpl$d2f                                0x00002630   Section       98  d2f.o(x$fpl$d2f)
    x$fpl$dadd                               0x00002694   Section      336  daddsub_clz.o(x$fpl$dadd)
    _dadd1                                   0x000026a5   Thumb Code     0  daddsub_clz.o(x$fpl$dadd)
    x$fpl$dcheck1                            0x000027e4   Section       16  dcheck1.o(x$fpl$dcheck1)
    x$fpl$ddiv                               0x000027f4   Section      688  ddiv.o(x$fpl$ddiv)
    ddiv_entry                               0x000027fb   Thumb Code     0  ddiv.o(x$fpl$ddiv)
    x$fpl$dfix                               0x00002aa4   Section       94  dfix.o(x$fpl$dfix)
    x$fpl$dflt                               0x00002b02   Section       46  dflt_clz.o(x$fpl$dflt)
    x$fpl$dfltu                              0x00002b30   Section       38  dflt_clz.o(x$fpl$dfltu)
    x$fpl$dmul                               0x00002b58   Section      340  dmul.o(x$fpl$dmul)
    x$fpl$dnaninf                            0x00002cac   Section      156  dnaninf.o(x$fpl$dnaninf)
    x$fpl$dretinf                            0x00002d48   Section       12  dretinf.o(x$fpl$dretinf)
    x$fpl$drsb                               0x00002d54   Section       22  daddsub_clz.o(x$fpl$drsb)
    x$fpl$dsqrt                              0x00002d6c   Section      408  dsqrt_umaal.o(x$fpl$dsqrt)
    x$fpl$dsub                               0x00002f04   Section      468  daddsub_clz.o(x$fpl$dsub)
    _dsub1                                   0x00002f15   Thumb Code     0  daddsub_clz.o(x$fpl$dsub)
    x$fpl$f2d                                0x000030d8   Section       86  f2d.o(x$fpl$f2d)
    x$fpl$fadd                               0x00003130   Section      196  faddsub_clz.o(x$fpl$fadd)
    _fadd1                                   0x0000313f   Thumb Code     0  faddsub_clz.o(x$fpl$fadd)
    x$fpl$fcmpinf                            0x000031f4   Section       24  fcmpi.o(x$fpl$fcmpinf)
    x$fpl$fdiv                               0x0000320c   Section      388  fdiv.o(x$fpl$fdiv)
    _fdiv1                                   0x0000320d   Thumb Code     0  fdiv.o(x$fpl$fdiv)
    x$fpl$fleqf                              0x00003390   Section      104  fleqf.o(x$fpl$fleqf)
    x$fpl$fmul                               0x000033f8   Section      258  fmul.o(x$fpl$fmul)
    x$fpl$fnaninf                            0x000034fa   Section      140  fnaninf.o(x$fpl$fnaninf)
    x$fpl$fretinf                            0x00003586   Section       10  fretinf.o(x$fpl$fretinf)
    x$fpl$frleqf                             0x00003590   Section       98  frleqf.o(x$fpl$frleqf)
    x$fpl$frsb                               0x000035f2   Section       20  faddsub_clz.o(x$fpl$frsb)
    x$fpl$fsub                               0x00003608   Section      234  faddsub_clz.o(x$fpl$fsub)
    _fsub1                                   0x00003617   Thumb Code     0  faddsub_clz.o(x$fpl$fsub)
    x$fpl$printf1                            0x000036f2   Section        4  printf1.o(x$fpl$printf1)
    x$fpl$retnan                             0x000036f6   Section      100  retnan.o(x$fpl$retnan)
    x$fpl$scalbn                             0x0000375a   Section       92  scalbn.o(x$fpl$scalbn)
    x$fpl$trapveneer                         0x000037b6   Section       48  trapv.o(x$fpl$trapveneer)
    x$fpl$usenofp                            0x000037e6   Section        0  usenofp.o(x$fpl$usenofp)
    .constdata                               0x000037e8   Section      152  atan.o(.constdata)
    atanhi                                   0x000037e8   Data          32  atan.o(.constdata)
    atanlo                                   0x00003808   Data          32  atan.o(.constdata)
    aTodd                                    0x00003828   Data          40  atan.o(.constdata)
    aTeven                                   0x00003850   Data          48  atan.o(.constdata)
    .constdata                               0x00003880   Section       48  cos_i.o(.constdata)
    C                                        0x00003880   Data          48  cos_i.o(.constdata)
    .constdata                               0x000038b0   Section        8  qnan.o(.constdata)
    .constdata                               0x000038b8   Section      200  rred.o(.constdata)
    pio2s                                    0x000038b8   Data          48  rred.o(.constdata)
    twooverpi                                0x000038e8   Data         152  rred.o(.constdata)
    .constdata                               0x00003980   Section       40  sin_i.o(.constdata)
    S                                        0x00003980   Data          40  sin_i.o(.constdata)
    .constdata                               0x000039a8   Section      148  bigflt0.o(.constdata)
    tenpwrs_x                                0x000039a8   Data          60  bigflt0.o(.constdata)
    tenpwrs_i                                0x000039e4   Data          64  bigflt0.o(.constdata)
    locale$$data                             0x00003a5c   Section       28  lc_numeric_c.o(locale$$data)
    __lcnum_c_name                           0x00003a60   Data           2  lc_numeric_c.o(locale$$data)
    __lcnum_c_start                          0x00003a68   Data           0  lc_numeric_c.o(locale$$data)
    __lcnum_c_point                          0x00003a74   Data           0  lc_numeric_c.o(locale$$data)
    __lcnum_c_thousands                      0x00003a76   Data           0  lc_numeric_c.o(locale$$data)
    __lcnum_c_grouping                       0x00003a77   Data           0  lc_numeric_c.o(locale$$data)
    __lcnum_c_end                            0x00003a78   Data           0  lc_numeric_c.o(locale$$data)
    .data                                    0x20000000   Section       72  main.o(.data)
    .bss                                     0x20000048   Section       96  libspace.o(.bss)
    HEAP                                     0x200000a8   Section        0  startup_tm4c123.o(HEAP)
    STACK                                    0x200000a8   Section      512  startup_tm4c123.o(STACK)
    Heap_Mem                                 0x200000a8   Data           0  startup_tm4c123.o(HEAP)
    Stack_Mem                                0x200000a8   Data         512  startup_tm4c123.o(STACK)
    __initial_sp                             0x200002a8   Data           0  startup_tm4c123.o(STACK)

    Global Symbols

    Symbol Name                              Value     Ov Type        Size  Object(Section)

    BuildAttributes$$THM_ISAv4$E$P$D$K$B$S$7EM$PE$A:L22UL41UL21$X:L11$S22US41US21$IEEE1$IW$USESV6$~STKCKD$USESV7$~SHL$OTIME$ROPI$IEEEX$EBA8$UX$STANDARDLIB$REQ8$PRES8$EABIv2 0x00000000   Number         0  anon$$obj.o ABSOLUTE
    __ARM_use_no_argv                        0x00000000   Number         0  main.o ABSOLUTE
    __Vectors                                0x00000000   Data           4  startup_tm4c123.o(RESET)
    __ARM_exceptions_init                     - Undefined Weak Reference
    __alloca_initialize                       - Undefined Weak Reference
    __cpp_initialize__aeabi_                  - Undefined Weak Reference
    __cxa_finalize                            - Undefined Weak Reference
    __sigvec_lookup                           - Undefined Weak Reference
    _atexit_init                              - Undefined Weak Reference
    _call_atexit_fns                          - Undefined Weak Reference
    _clock_init                               - Undefined Weak Reference
    _fp_trap_init                             - Undefined Weak Reference
    _fp_trap_shutdown                         - Undefined Weak Reference
    _get_lc_collate                           - Undefined Weak Reference
    _get_lc_ctype                             - Undefined Weak Reference
    _get_lc_monetary                          - Undefined Weak Reference
    _get_lc_time                              - Undefined Weak Reference
    _getenv_init                              - Undefined Weak Reference
    _handle_redirection                       - Undefined Weak Reference
    _init_alloc                               - Undefined Weak Reference
    _init_user_alloc                          - Undefined Weak Reference
    _initio                                   - Undefined Weak Reference
    _printf_post_padding                      - Undefined Weak Reference
    _printf_pre_padding                       - Undefined Weak Reference
    _rand_init                                - Undefined Weak Reference
    _signal_finish                            - Undefined Weak Reference
    _signal_init                              - Undefined Weak Reference
    _terminate_alloc                          - Undefined Weak Reference
    _terminate_user_alloc                     - Undefined Weak Reference
    _terminateio                              - Undefined Weak Reference
    __Vectors_End                            0x0000026c   Data           0  startup_tm4c123.o(RESET)
    __Vectors_Size                           0x0000026c   Number         0  startup_tm4c123.o ABSOLUTE
    __main                                   0x0000026d   Thumb Code     8  __main.o(!!!main)
    __scatterload                            0x00000275   Thumb Code     0  __scatter.o(!!!scatter)
    __scatterload_rt2                        0x00000275   Thumb Code    44  __scatter.o(!!!scatter)
    __scatterload_rt2_thumb_only             0x00000275   Thumb Code     0  __scatter.o(!!!scatter)
    __scatterload_null                       0x00000283   Thumb Code     0  __scatter.o(!!!scatter)
    __scatterload_copy                       0x000002a9   Thumb Code    26  __scatter_copy.o(!!handler_copy)
    __scatterload_zeroinit                   0x000002c5   Thumb Code    28  __scatter_zi.o(!!handler_zi)
    _printf_f                                0x000002e1   Thumb Code     0  _printf_f.o(.ARM.Collect$$_printf_percent$$00000003)
    _printf_percent                          0x000002e1   Thumb Code     0  _printf_percent.o(.ARM.Collect$$_printf_percent$$00000000)
    _printf_percent_end                      0x000002e7   Thumb Code     0  _printf_percent_end.o(.ARM.Collect$$_printf_percent$$00000017)
    __rt_lib_init                            0x000002eb   Thumb Code     0  libinit.o(.ARM.Collect$$libinit$$00000000)
    __rt_lib_init_fp_1                       0x000002ed   Thumb Code     0  libinit2.o(.ARM.Collect$$libinit$$00000002)
    __rt_lib_init_heap_1                     0x000002ed   Thumb Code     0  libinit2.o(.ARM.Collect$$libinit$$00000008)
    __rt_lib_init_lc_common                  0x000002ed   Thumb Code     0  libinit2.o(.ARM.Collect$$libinit$$0000000D)
    __rt_lib_init_rand_1                     0x000002ed   Thumb Code     0  libinit2.o(.ARM.Collect$$libinit$$0000000C)
    __rt_lib_init_user_alloc_1               0x000002ed   Thumb Code     0  libinit2.o(.ARM.Collect$$libinit$$0000000A)
    __rt_lib_init_lc_collate_1               0x000002f3   Thumb Code     0  libinit2.o(.ARM.Collect$$libinit$$0000000F)
    __rt_lib_init_lc_ctype_1                 0x000002f3   Thumb Code     0  libinit2.o(.ARM.Collect$$libinit$$00000011)
    __rt_lib_init_lc_monetary_1              0x000002f3   Thumb Code     0  libinit2.o(.ARM.Collect$$libinit$$00000013)
    __rt_lib_init_lc_numeric_2               0x000002f3   Thumb Code     0  libinit2.o(.ARM.Collect$$libinit$$00000014)
    __rt_lib_init_alloca_1                   0x000002fd   Thumb Code     0  libinit2.o(.ARM.Collect$$libinit$$0000002C)
    __rt_lib_init_argv_1                     0x000002fd   Thumb Code     0  libinit2.o(.ARM.Collect$$libinit$$0000002A)
    __rt_lib_init_atexit_1                   0x000002fd   Thumb Code     0  libinit2.o(.ARM.Collect$$libinit$$00000019)
    __rt_lib_init_clock_1                    0x000002fd   Thumb Code     0  libinit2.o(.ARM.Collect$$libinit$$0000001F)
    __rt_lib_init_cpp_1                      0x000002fd   Thumb Code     0  libinit2.o(.ARM.Collect$$libinit$$00000030)
    __rt_lib_init_exceptions_1               0x000002fd   Thumb Code     0  libinit2.o(.ARM.Collect$$libinit$$0000002E)
    __rt_lib_init_fp_trap_1                  0x000002fd   Thumb Code     0  libinit2.o(.ARM.Collect$$libinit$$0000001D)
    __rt_lib_init_getenv_1                   0x000002fd   Thumb Code     0  libinit2.o(.ARM.Collect$$libinit$$00000021)
    __rt_lib_init_lc_numeric_1               0x000002fd   Thumb Code     0  libinit2.o(.ARM.Collect$$libinit$$00000015)
    __rt_lib_init_lc_time_1                  0x000002fd   Thumb Code     0  libinit2.o(.ARM.Collect$$libinit$$00000017)
    __rt_lib_init_return                     0x000002fd   Thumb Code     0  libinit2.o(.ARM.Collect$$libinit$$00000031)
    __rt_lib_init_signal_1                   0x000002fd   Thumb Code     0  libinit2.o(.ARM.Collect$$libinit$$0000001B)
    __rt_lib_init_stdio_1                    0x000002fd   Thumb Code     0  libinit2.o(.ARM.Collect$$libinit$$00000023)
    __rt_lib_shutdown                        0x000002ff   Thumb Code     0  libshutdown.o(.ARM.Collect$$libshutdown$$00000000)
    __rt_lib_shutdown_fp_trap_1              0x00000301   Thumb Code     0  libshutdown2.o(.ARM.Collect$$libshutdown$$00000006)
    __rt_lib_shutdown_heap_1                 0x00000301   Thumb Code     0  libshutdown2.o(.ARM.Collect$$libshutdown$$0000000E)
    __rt_lib_shutdown_return                 0x00000301   Thumb Code     0  libshutdown2.o(.ARM.Collect$$libshutdown$$0000000F)
    __rt_lib_shutdown_signal_1               0x00000301   Thumb Code     0  libshutdown2.o(.ARM.Collect$$libshutdown$$00000009)
    __rt_lib_shutdown_stdio_1                0x00000301   Thumb Code     0  libshutdown2.o(.ARM.Collect$$libshutdown$$00000003)
    __rt_lib_shutdown_user_alloc_1           0x00000301   Thumb Code     0  libshutdown2.o(.ARM.Collect$$libshutdown$$0000000B)
    __rt_entry                               0x00000303   Thumb Code     0  rtentry.o(.ARM.Collect$$rtentry$$00000000)
    __rt_entry_presh_1                       0x00000303   Thumb Code     0  rtentry2.o(.ARM.Collect$$rtentry$$00000002)
    __rt_entry_sh                            0x00000303   Thumb Code     0  rtentry4.o(.ARM.Collect$$rtentry$$00000004)
    __rt_entry_li                            0x00000309   Thumb Code     0  rtentry2.o(.ARM.Collect$$rtentry$$0000000A)
    __rt_entry_postsh_1                      0x00000309   Thumb Code     0  rtentry2.o(.ARM.Collect$$rtentry$$00000009)
    __rt_entry_main                          0x0000030d   Thumb Code     0  rtentry2.o(.ARM.Collect$$rtentry$$0000000D)
    __rt_entry_postli_1                      0x0000030d   Thumb Code     0  rtentry2.o(.ARM.Collect$$rtentry$$0000000C)
    __rt_exit                                0x00000315   Thumb Code     0  rtexit.o(.ARM.Collect$$rtexit$$00000000)
    __rt_exit_ls                             0x00000317   Thumb Code     0  rtexit2.o(.ARM.Collect$$rtexit$$00000003)
    __rt_exit_prels_1                        0x00000317   Thumb Code     0  rtexit2.o(.ARM.Collect$$rtexit$$00000002)
    __rt_exit_exit                           0x0000031b   Thumb Code     0  rtexit2.o(.ARM.Collect$$rtexit$$00000004)
    Reset_Handler                            0x00000321   Thumb Code     8  startup_tm4c123.o(.text)
    NMI_Handler                              0x00000329   Thumb Code     2  startup_tm4c123.o(.text)
    HardFault_Handler                        0x0000032b   Thumb Code     2  startup_tm4c123.o(.text)
    MemManage_Handler                        0x0000032d   Thumb Code     2  startup_tm4c123.o(.text)
    BusFault_Handler                         0x0000032f   Thumb Code     2  startup_tm4c123.o(.text)
    UsageFault_Handler                       0x00000331   Thumb Code     2  startup_tm4c123.o(.text)
    SVC_Handler                              0x00000333   Thumb Code     2  startup_tm4c123.o(.text)
    DebugMon_Handler                         0x00000335   Thumb Code     2  startup_tm4c123.o(.text)
    PendSV_Handler                           0x00000337   Thumb Code     2  startup_tm4c123.o(.text)
    SysTick_Handler                          0x00000339   Thumb Code     2  startup_tm4c123.o(.text)
    GPIOA_Handler                            0x0000033b   Thumb Code     2  startup_tm4c123.o(.text)
    GPIOB_Handler                            0x0000033d   Thumb Code     2  startup_tm4c123.o(.text)
    GPIOC_Handler                            0x0000033f   Thumb Code     2  startup_tm4c123.o(.text)
    GPIOD_Handler                            0x00000341   Thumb Code     2  startup_tm4c123.o(.text)
    GPIOE_Handler                            0x00000343   Thumb Code     2  startup_tm4c123.o(.text)
    UART0_Handler                            0x00000345   Thumb Code     2  startup_tm4c123.o(.text)
    UART1_Handler                            0x00000347   Thumb Code     2  startup_tm4c123.o(.text)
    SSI0_Handler                             0x00000349   Thumb Code     2  startup_tm4c123.o(.text)
    I2C0_Handler                             0x0000034b   Thumb Code     2  startup_tm4c123.o(.text)
    PMW0_FAULT_Handler                       0x0000034d   Thumb Code     2  startup_tm4c123.o(.text)
    PWM0_0_Handler                           0x0000034f   Thumb Code     2  startup_tm4c123.o(.text)
    PWM0_1_Handler                           0x00000351   Thumb Code     2  startup_tm4c123.o(.text)
    PWM0_2_Handler                           0x00000353   Thumb Code     2  startup_tm4c123.o(.text)
    QEI0_Handler                             0x00000355   Thumb Code     2  startup_tm4c123.o(.text)
    ADC0SS0_Handler                          0x00000357   Thumb Code     2  startup_tm4c123.o(.text)
    ADC0SS1_Handler                          0x00000359   Thumb Code     2  startup_tm4c123.o(.text)
    ADC0SS2_Handler                          0x0000035b   Thumb Code     2  startup_tm4c123.o(.text)
    ADC0SS3_Handler                          0x0000035d   Thumb Code     2  startup_tm4c123.o(.text)
    WDT0_Handler                             0x0000035f   Thumb Code     2  startup_tm4c123.o(.text)
    TIMER0A_Handler                          0x00000361   Thumb Code     2  startup_tm4c123.o(.text)
    TIMER0B_Handler                          0x00000363   Thumb Code     2  startup_tm4c123.o(.text)
    TIMER1A_Handler                          0x00000365   Thumb Code     2  startup_tm4c123.o(.text)
    TIMER1B_Handler                          0x00000367   Thumb Code     2  startup_tm4c123.o(.text)
    TIMER2A_Handler                          0x00000369   Thumb Code     2  startup_tm4c123.o(.text)
    TIMER2B_Handler                          0x0000036b   Thumb Code     2  startup_tm4c123.o(.text)
    COMP0_Handler                            0x0000036d   Thumb Code     2  startup_tm4c123.o(.text)
    COMP1_Handler                            0x0000036f   Thumb Code     2  startup_tm4c123.o(.text)
    COMP2_Handler                            0x00000371   Thumb Code     2  startup_tm4c123.o(.text)
    SYSCTL_Handler                           0x00000373   Thumb Code     2  startup_tm4c123.o(.text)
    FLASH_Handler                            0x00000375   Thumb Code     2  startup_tm4c123.o(.text)
    GPIOF_Handler                            0x00000377   Thumb Code     2  startup_tm4c123.o(.text)
    GPIOG_Handler                            0x00000379   Thumb Code     2  startup_tm4c123.o(.text)
    GPIOH_Handler                            0x0000037b   Thumb Code     2  startup_tm4c123.o(.text)
    UART2_Handler                            0x0000037d   Thumb Code     2  startup_tm4c123.o(.text)
    SSI1_Handler                             0x0000037f   Thumb Code     2  startup_tm4c123.o(.text)
    TIMER3A_Handler                          0x00000381   Thumb Code     2  startup_tm4c123.o(.text)
    TIMER3B_Handler                          0x00000383   Thumb Code     2  startup_tm4c123.o(.text)
    I2C1_Handler                             0x00000385   Thumb Code     2  startup_tm4c123.o(.text)
    QEI1_Handler                             0x00000387   Thumb Code     2  startup_tm4c123.o(.text)
    CAN0_Handler                             0x00000389   Thumb Code     2  startup_tm4c123.o(.text)
    CAN1_Handler                             0x0000038b   Thumb Code     2  startup_tm4c123.o(.text)
    CAN2_Handler                             0x0000038d   Thumb Code     2  startup_tm4c123.o(.text)
    HIB_Handler                              0x0000038f   Thumb Code     2  startup_tm4c123.o(.text)
    USB0_Handler                             0x00000391   Thumb Code     2  startup_tm4c123.o(.text)
    PWM0_3_Handler                           0x00000393   Thumb Code     2  startup_tm4c123.o(.text)
    UDMA_Handler                             0x00000395   Thumb Code     2  startup_tm4c123.o(.text)
    UDMAERR_Handler                          0x00000397   Thumb Code     2  startup_tm4c123.o(.text)
    ADC1SS0_Handler                          0x00000399   Thumb Code     2  startup_tm4c123.o(.text)
    ADC1SS1_Handler                          0x0000039b   Thumb Code     2  startup_tm4c123.o(.text)
    ADC1SS2_Handler                          0x0000039d   Thumb Code     2  startup_tm4c123.o(.text)
    ADC1SS3_Handler                          0x0000039f   Thumb Code     2  startup_tm4c123.o(.text)
    GPIOJ_Handler                            0x000003a1   Thumb Code     2  startup_tm4c123.o(.text)
    GPIOK_Handler                            0x000003a3   Thumb Code     2  startup_tm4c123.o(.text)
    GPIOL_Handler                            0x000003a5   Thumb Code     2  startup_tm4c123.o(.text)
    SSI2_Handler                             0x000003a7   Thumb Code     2  startup_tm4c123.o(.text)
    SSI3_Handler                             0x000003a9   Thumb Code     2  startup_tm4c123.o(.text)
    UART3_Handler                            0x000003ab   Thumb Code     2  startup_tm4c123.o(.text)
    UART4_Handler                            0x000003ad   Thumb Code     2  startup_tm4c123.o(.text)
    UART5_Handler                            0x000003af   Thumb Code     2  startup_tm4c123.o(.text)
    UART6_Handler                            0x000003b1   Thumb Code     2  startup_tm4c123.o(.text)
    UART7_Handler                            0x000003b3   Thumb Code     2  startup_tm4c123.o(.text)
    I2C2_Handler                             0x000003b5   Thumb Code     2  startup_tm4c123.o(.text)
    I2C3_Handler                             0x000003b7   Thumb Code     2  startup_tm4c123.o(.text)
    TIMER4A_Handler                          0x000003b9   Thumb Code     2  startup_tm4c123.o(.text)
    TIMER4B_Handler                          0x000003bb   Thumb Code     2  startup_tm4c123.o(.text)
    TIMER5A_Handler                          0x000003bd   Thumb Code     2  startup_tm4c123.o(.text)
    TIMER5B_Handler                          0x000003bf   Thumb Code     2  startup_tm4c123.o(.text)
    WTIMER0A_Handler                         0x000003c1   Thumb Code     2  startup_tm4c123.o(.text)
    WTIMER0B_Handler                         0x000003c3   Thumb Code     2  startup_tm4c123.o(.text)
    WTIMER1A_Handler                         0x000003c5   Thumb Code     2  startup_tm4c123.o(.text)
    WTIMER1B_Handler                         0x000003c7   Thumb Code     2  startup_tm4c123.o(.text)
    WTIMER2A_Handler                         0x000003c9   Thumb Code     2  startup_tm4c123.o(.text)
    WTIMER2B_Handler                         0x000003cb   Thumb Code     2  startup_tm4c123.o(.text)
    WTIMER3A_Handler                         0x000003cd   Thumb Code     2  startup_tm4c123.o(.text)
    WTIMER3B_Handler                         0x000003cf   Thumb Code     2  startup_tm4c123.o(.text)
    WTIMER4A_Handler                         0x000003d1   Thumb Code     2  startup_tm4c123.o(.text)
    WTIMER4B_Handler                         0x000003d3   Thumb Code     2  startup_tm4c123.o(.text)
    WTIMER5A_Handler                         0x000003d5   Thumb Code     2  startup_tm4c123.o(.text)
    WTIMER5B_Handler                         0x000003d7   Thumb Code     2  startup_tm4c123.o(.text)
    FPU_Handler                              0x000003d9   Thumb Code     2  startup_tm4c123.o(.text)
    I2C4_Handler                             0x000003db   Thumb Code     2  startup_tm4c123.o(.text)
    I2C5_Handler                             0x000003dd   Thumb Code     2  startup_tm4c123.o(.text)
    GPIOM_Handler                            0x000003df   Thumb Code     2  startup_tm4c123.o(.text)
    GPION_Handler                            0x000003e1   Thumb Code     2  startup_tm4c123.o(.text)
    QEI2_Handler                             0x000003e3   Thumb Code     2  startup_tm4c123.o(.text)
    GPIOP0_Handler                           0x000003e5   Thumb Code     2  startup_tm4c123.o(.text)
    GPIOP1_Handler                           0x000003e7   Thumb Code     2  startup_tm4c123.o(.text)
    GPIOP2_Handler                           0x000003e9   Thumb Code     2  startup_tm4c123.o(.text)
    GPIOP3_Handler                           0x000003eb   Thumb Code     2  startup_tm4c123.o(.text)
    GPIOP4_Handler                           0x000003ed   Thumb Code     2  startup_tm4c123.o(.text)
    GPIOP5_Handler                           0x000003ef   Thumb Code     2  startup_tm4c123.o(.text)
    GPIOP6_Handler                           0x000003f1   Thumb Code     2  startup_tm4c123.o(.text)
    GPIOP7_Handler                           0x000003f3   Thumb Code     2  startup_tm4c123.o(.text)
    GPIOQ0_Handler                           0x000003f5   Thumb Code     2  startup_tm4c123.o(.text)
    GPIOQ1_Handler                           0x000003f7   Thumb Code     2  startup_tm4c123.o(.text)
    GPIOQ2_Handler                           0x000003f9   Thumb Code     2  startup_tm4c123.o(.text)
    GPIOQ3_Handler                           0x000003fb   Thumb Code     2  startup_tm4c123.o(.text)
    GPIOQ4_Handler                           0x000003fd   Thumb Code     2  startup_tm4c123.o(.text)
    GPIOQ5_Handler                           0x000003ff   Thumb Code     2  startup_tm4c123.o(.text)
    GPIOQ6_Handler                           0x00000401   Thumb Code     2  startup_tm4c123.o(.text)
    GPIOQ7_Handler                           0x00000403   Thumb Code     2  startup_tm4c123.o(.text)
    GPIOR_Handler                            0x00000405   Thumb Code     2  startup_tm4c123.o(.text)
    GPIOS_Handler                            0x00000407   Thumb Code     2  startup_tm4c123.o(.text)
    PMW1_0_Handler                           0x00000409   Thumb Code     2  startup_tm4c123.o(.text)
    PWM1_1_Handler                           0x0000040b   Thumb Code     2  startup_tm4c123.o(.text)
    PWM1_2_Handler                           0x0000040d   Thumb Code     2  startup_tm4c123.o(.text)
    PWM1_3_Handler                           0x0000040f   Thumb Code     2  startup_tm4c123.o(.text)
    PWM1_FAULT_Handler                       0x00000411   Thumb Code     2  startup_tm4c123.o(.text)
    __user_initial_stackheap                 0x00000415   Thumb Code     0  startup_tm4c123.o(.text)
    SystemInit                               0x00000435   Thumb Code     2  main.o(.text)
    main                                     0x00000437   Thumb Code   110  main.o(.text)
    init                                     0x000004b1   Thumb Code    84  gpio.o(.text)
    LED_ON                                   0x00000505   Thumb Code    20  gpio.o(.text)
    rad                                      0x00000535   Thumb Code    42  disance.o(.text)
    calc_dist_bet_2_points                   0x0000055f   Thumb Code   352  disance.o(.text)
    conv                                     0x000006bf   Thumb Code    32  disance.o(.text)
    SysTick_Init                             0x000006f5   Thumb Code    24  systick.o(.text)
    SysTick_Wait                             0x0000070d   Thumb Code    30  systick.o(.text)
    SysTick_Waitu                            0x0000072b   Thumb Code    28  systick.o(.text)
    SysTick_Wait1ms                          0x00000747   Thumb Code    20  systick.o(.text)
    SysTick_Wait1us                          0x0000075b   Thumb Code    20  systick.o(.text)
    UART0_Init                               0x00000771   Thumb Code   112  uart.o(.text)
    UART0_Available                          0x000007e1   Thumb Code    20  uart.o(.text)
    UART0_Read                               0x000007f5   Thumb Code    20  uart.o(.text)
    uart0_write                              0x00000809   Thumb Code    18  uart.o(.text)
    LCD_sendCommand                          0x0000082d   Thumb Code   162  lcd.o(.text)
    LCD_init                                 0x000008cf   Thumb Code   192  lcd.o(.text)
    LCD_displayCharacter                     0x0000098f   Thumb Code   150  lcd.o(.text)
    LCD_displayString                        0x00000a25   Thumb Code    26  lcd.o(.text)
    LCD_intgerToString                       0x00000a3f   Thumb Code    78  lcd.o(.text)
    LCD_Clear                                0x00000a8d   Thumb Code    10  lcd.o(.text)
    LCD_displayfloat                         0x00000a97   Thumb Code    72  lcd.o(.text)
    __2sprintf                               0x00000af9   Thumb Code    34  noretval__2sprintf.o(.text)
    __printf                                 0x00000b21   Thumb Code   104  __printf.o(.text)
    strcmp                                   0x00000b89   Thumb Code   128  strcmpv7m.o(.text)
    __use_two_region_memory                  0x00000c09   Thumb Code     2  heapauxi.o(.text)
    __rt_heap_escrow$2region                 0x00000c0b   Thumb Code     2  heapauxi.o(.text)
    __rt_heap_expand$2region                 0x00000c0d   Thumb Code     2  heapauxi.o(.text)
    __read_errno                             0x00000c0f   Thumb Code    10  _rserrno.o(.text)
    __set_errno                              0x00000c19   Thumb Code    12  _rserrno.o(.text)
    __lib_sel_fp_printf                      0x00000c25   Thumb Code     2  _printf_fp_dec.o(.text)
    _printf_fp_dec_real                      0x00000dd1   Thumb Code   628  _printf_fp_dec.o(.text)
    _printf_char_common                      0x0000104f   Thumb Code    32  _printf_char_common.o(.text)
    _sputc                                   0x00001075   Thumb Code    10  _sputc.o(.text)
    __rt_locale                              0x00001081   Thumb Code     8  rt_locale_intlibspace.o(.text)
    __aeabi_errno_addr                       0x00001089   Thumb Code     8  rt_errno_addr_intlibspace.o(.text)
    __errno$intlibspace                      0x00001089   Thumb Code     0  rt_errno_addr_intlibspace.o(.text)
    __rt_errno_addr$intlibspace              0x00001089   Thumb Code     0  rt_errno_addr_intlibspace.o(.text)
    _ll_udiv10                               0x00001091   Thumb Code   138  lludiv10.o(.text)
    _printf_fp_infnan                        0x0000111d   Thumb Code   112  _printf_fp_infnan.o(.text)
    _btod_etento                             0x0000119d   Thumb Code   222  bigflt0.o(.text)
    __user_libspace                          0x00001281   Thumb Code     8  libspace.o(.text)
    __user_perproc_libspace                  0x00001281   Thumb Code     0  libspace.o(.text)
    __user_perthread_libspace                0x00001281   Thumb Code     0  libspace.o(.text)
    __user_setup_stackheap                   0x00001289   Thumb Code    74  sys_stackheap_outer.o(.text)
    exit                                     0x000012d3   Thumb Code    12  exit.o(.text)
    _sys_exit                                0x000012e1   Thumb Code     8  sys_exit.o(.text)
    __I$use$semihosting                      0x000012ed   Thumb Code     0  use_no_semi.o(.text)
    __use_no_semihosting_swi                 0x000012ed   Thumb Code     2  use_no_semi.o(.text)
    __semihosting_library_function           0x000012ef   Thumb Code     0  indicate_semi.o(.text)
    _btod_d2e                                0x000012ef   Thumb Code    62  btod.o(CL$$btod_d2e)
    _d2e_denorm_low                          0x0000132d   Thumb Code    70  btod.o(CL$$btod_d2e_denorm_low)
    _d2e_norm_op1                            0x00001373   Thumb Code    96  btod.o(CL$$btod_d2e_norm_op1)
    __btod_div_common                        0x000013d3   Thumb Code   696  btod.o(CL$$btod_div_common)
    _e2e                                     0x0000170b   Thumb Code   198  btod.o(CL$$btod_e2e)
    _btod_ediv                               0x000017d1   Thumb Code    40  btod.o(CL$$btod_ediv)
    _btod_emul                               0x000017f9   Thumb Code    40  btod.o(CL$$btod_emul)
    __btod_mult_common                       0x00001821   Thumb Code   580  btod.o(CL$$btod_mult_common)
    __ARM_fpclassify                         0x00001a65   Thumb Code    40  fpclassify.o(i.__ARM_fpclassify)
    __ieee754_rem_pio2                       0x00001a8d   Thumb Code   832  rred.o(i.__ieee754_rem_pio2)
    __kernel_cos                             0x00001e15   Thumb Code   230  cos_i.o(i.__kernel_cos)
    __kernel_poly                            0x00001f11   Thumb Code   170  poly.o(i.__kernel_poly)
    __kernel_sin                             0x00001fbd   Thumb Code   224  sin_i.o(i.__kernel_sin)
    __mathlib_dbl_underflow                  0x000020a9   Thumb Code    10  dunder.o(i.__mathlib_dbl_underflow)
    atan                                     0x000020b9   Thumb Code   478  atan.o(i.atan)
    atan2                                    0x000022dd   Thumb Code   346  atan2.o(i.atan2)
    cos                                      0x0000245d   Thumb Code   164  cos.o(i.cos)
    sin                                      0x00002509   Thumb Code   166  sin.o(i.sin)
    sqrt                                     0x000025b9   Thumb Code    76  sqrt.o(i.sqrt)
    _get_lc_numeric                          0x00002605   Thumb Code    44  lc_numeric_c.o(locale$$code)
    __aeabi_d2f                              0x00002631   Thumb Code     0  d2f.o(x$fpl$d2f)
    _d2f                                     0x00002631   Thumb Code    98  d2f.o(x$fpl$d2f)
    __aeabi_dadd                             0x00002695   Thumb Code     0  daddsub_clz.o(x$fpl$dadd)
    _dadd                                    0x00002695   Thumb Code   332  daddsub_clz.o(x$fpl$dadd)
    __fpl_dcheck_NaN1                        0x000027e5   Thumb Code    10  dcheck1.o(x$fpl$dcheck1)
    __aeabi_ddiv                             0x000027f5   Thumb Code     0  ddiv.o(x$fpl$ddiv)
    _ddiv                                    0x000027f5   Thumb Code   552  ddiv.o(x$fpl$ddiv)
    __aeabi_d2iz                             0x00002aa5   Thumb Code     0  dfix.o(x$fpl$dfix)
    _dfix                                    0x00002aa5   Thumb Code    94  dfix.o(x$fpl$dfix)
    __aeabi_i2d                              0x00002b03   Thumb Code     0  dflt_clz.o(x$fpl$dflt)
    _dflt                                    0x00002b03   Thumb Code    46  dflt_clz.o(x$fpl$dflt)
    __aeabi_ui2d                             0x00002b31   Thumb Code     0  dflt_clz.o(x$fpl$dfltu)
    _dfltu                                   0x00002b31   Thumb Code    38  dflt_clz.o(x$fpl$dfltu)
    __aeabi_dmul                             0x00002b59   Thumb Code     0  dmul.o(x$fpl$dmul)
    _dmul                                    0x00002b59   Thumb Code   332  dmul.o(x$fpl$dmul)
    __fpl_dnaninf                            0x00002cad   Thumb Code   156  dnaninf.o(x$fpl$dnaninf)
    __fpl_dretinf                            0x00002d49   Thumb Code    12  dretinf.o(x$fpl$dretinf)
    __aeabi_drsub                            0x00002d55   Thumb Code     0  daddsub_clz.o(x$fpl$drsb)
    _drsb                                    0x00002d55   Thumb Code    22  daddsub_clz.o(x$fpl$drsb)
    _dsqrt                                   0x00002d6d   Thumb Code   404  dsqrt_umaal.o(x$fpl$dsqrt)
    __aeabi_dsub                             0x00002f05   Thumb Code     0  daddsub_clz.o(x$fpl$dsub)
    _dsub                                    0x00002f05   Thumb Code   464  daddsub_clz.o(x$fpl$dsub)
    __aeabi_f2d                              0x000030d9   Thumb Code     0  f2d.o(x$fpl$f2d)
    _f2d                                     0x000030d9   Thumb Code    86  f2d.o(x$fpl$f2d)
    __aeabi_fadd                             0x00003131   Thumb Code     0  faddsub_clz.o(x$fpl$fadd)
    _fadd                                    0x00003131   Thumb Code   196  faddsub_clz.o(x$fpl$fadd)
    __fpl_fcmp_Inf                           0x000031f5   Thumb Code    24  fcmpi.o(x$fpl$fcmpinf)
    __aeabi_fdiv                             0x0000320d   Thumb Code     0  fdiv.o(x$fpl$fdiv)
    _fdiv                                    0x0000320d   Thumb Code   384  fdiv.o(x$fpl$fdiv)
    __aeabi_cfcmple                          0x00003391   Thumb Code     0  fleqf.o(x$fpl$fleqf)
    _fcmple                                  0x00003391   Thumb Code   104  fleqf.o(x$fpl$fleqf)
    __fpl_fcmple_InfNaN                      0x000033e3   Thumb Code     0  fleqf.o(x$fpl$fleqf)
    __aeabi_fmul                             0x000033f9   Thumb Code     0  fmul.o(x$fpl$fmul)
    _fmul                                    0x000033f9   Thumb Code   258  fmul.o(x$fpl$fmul)
    __fpl_fnaninf                            0x000034fb   Thumb Code   140  fnaninf.o(x$fpl$fnaninf)
    __fpl_fretinf                            0x00003587   Thumb Code    10  fretinf.o(x$fpl$fretinf)
    __aeabi_cfrcmple                         0x00003591   Thumb Code     0  frleqf.o(x$fpl$frleqf)
    _frcmple                                 0x00003591   Thumb Code    98  frleqf.o(x$fpl$frleqf)
    __aeabi_frsub                            0x000035f3   Thumb Code     0  faddsub_clz.o(x$fpl$frsb)
    _frsb                                    0x000035f3   Thumb Code    20  faddsub_clz.o(x$fpl$frsb)
    __aeabi_fsub                             0x00003609   Thumb Code     0  faddsub_clz.o(x$fpl$fsub)
    _fsub                                    0x00003609   Thumb Code   234  faddsub_clz.o(x$fpl$fsub)
    _printf_fp_dec                           0x000036f3   Thumb Code     4  printf1.o(x$fpl$printf1)
    __fpl_return_NaN                         0x000036f7   Thumb Code   100  retnan.o(x$fpl$retnan)
    __ARM_scalbn                             0x0000375b   Thumb Code    92  scalbn.o(x$fpl$scalbn)
    __fpl_cmpreturn                          0x000037b7   Thumb Code    48  trapv.o(x$fpl$trapveneer)
    __I$use$fp                               0x000037e6   Number         0  usenofp.o(x$fpl$usenofp)
    __mathlib_zero                           0x000038b0   Data           8  qnan.o(.constdata)
    Region$$Table$$Base                      0x00003a3c   Number         0  anon$$obj.o(Region$$Table)
    Region$$Table$$Limit                     0x00003a5c   Number         0  anon$$obj.o(Region$$Table)
    lat                                      0x20000000   Data          36  main.o(.data)
    lang                                     0x20000024   Data          36  main.o(.data)
    __libspace_start                         0x20000048   Data          96  libspace.o(.bss)
    __temporary_stack_top$libspace           0x200000a8   Data           0  libspace.o(.bss)



==============================================================================

Memory Map of the image

  Image Entry point : 0x00000321

  Load Region LR_1 (Base: 0x00000000, Size: 0x00003ac0, Max: 0xffffffff, ABSOLUTE)

    Execution Region ER_RO (Base: 0x00000000, Size: 0x00003a78, Max: 0xffffffff, ABSOLUTE)

    Base Addr    Size         Type   Attr      Idx    E Section Name        Object

    0x00000000   0x0000026c   Data   RO            3    RESET               startup_tm4c123.o
    0x0000026c   0x00000008   Code   RO          199  * !!!main             c_w.l(__main.o)
    0x00000274   0x00000034   Code   RO          546    !!!scatter          c_w.l(__scatter.o)
    0x000002a8   0x0000001a   Code   RO          548    !!handler_copy      c_w.l(__scatter_copy.o)
    0x000002c2   0x00000002   PAD
    0x000002c4   0x0000001c   Code   RO          550    !!handler_zi        c_w.l(__scatter_zi.o)
    0x000002e0   0x00000000   Code   RO          189    .ARM.Collect$$_printf_percent$$00000000  c_w.l(_printf_percent.o)
    0x000002e0   0x00000006   Code   RO          188    .ARM.Collect$$_printf_percent$$00000003  c_w.l(_printf_f.o)
    0x000002e6   0x00000004   Code   RO          274    .ARM.Collect$$_printf_percent$$00000017  c_w.l(_printf_percent_end.o)
    0x000002ea   0x00000002   Code   RO          418    .ARM.Collect$$libinit$$00000000  c_w.l(libinit.o)
    0x000002ec   0x00000000   Code   RO          420    .ARM.Collect$$libinit$$00000002  c_w.l(libinit2.o)
    0x000002ec   0x00000000   Code   RO          423    .ARM.Collect$$libinit$$00000008  c_w.l(libinit2.o)
    0x000002ec   0x00000000   Code   RO          425    .ARM.Collect$$libinit$$0000000A  c_w.l(libinit2.o)
    0x000002ec   0x00000000   Code   RO          427    .ARM.Collect$$libinit$$0000000C  c_w.l(libinit2.o)
    0x000002ec   0x00000006   Code   RO          428    .ARM.Collect$$libinit$$0000000D  c_w.l(libinit2.o)
    0x000002f2   0x00000000   Code   RO          430    .ARM.Collect$$libinit$$0000000F  c_w.l(libinit2.o)
    0x000002f2   0x00000000   Code   RO          432    .ARM.Collect$$libinit$$00000011  c_w.l(libinit2.o)
    0x000002f2   0x00000000   Code   RO          434    .ARM.Collect$$libinit$$00000013  c_w.l(libinit2.o)
    0x000002f2   0x0000000a   Code   RO          435    .ARM.Collect$$libinit$$00000014  c_w.l(libinit2.o)
    0x000002fc   0x00000000   Code   RO          436    .ARM.Collect$$libinit$$00000015  c_w.l(libinit2.o)
    0x000002fc   0x00000000   Code   RO          438    .ARM.Collect$$libinit$$00000017  c_w.l(libinit2.o)
    0x000002fc   0x00000000   Code   RO          440    .ARM.Collect$$libinit$$00000019  c_w.l(libinit2.o)
    0x000002fc   0x00000000   Code   RO          442    .ARM.Collect$$libinit$$0000001B  c_w.l(libinit2.o)
    0x000002fc   0x00000000   Code   RO          444    .ARM.Collect$$libinit$$0000001D  c_w.l(libinit2.o)
    0x000002fc   0x00000000   Code   RO          446    .ARM.Collect$$libinit$$0000001F  c_w.l(libinit2.o)
    0x000002fc   0x00000000   Code   RO          448    .ARM.Collect$$libinit$$00000021  c_w.l(libinit2.o)
    0x000002fc   0x00000000   Code   RO          450    .ARM.Collect$$libinit$$00000023  c_w.l(libinit2.o)
    0x000002fc   0x00000000   Code   RO          454    .ARM.Collect$$libinit$$0000002A  c_w.l(libinit2.o)
    0x000002fc   0x00000000   Code   RO          456    .ARM.Collect$$libinit$$0000002C  c_w.l(libinit2.o)
    0x000002fc   0x00000000   Code   RO          458    .ARM.Collect$$libinit$$0000002E  c_w.l(libinit2.o)
    0x000002fc   0x00000000   Code   RO          460    .ARM.Collect$$libinit$$00000030  c_w.l(libinit2.o)
    0x000002fc   0x00000002   Code   RO          461    .ARM.Collect$$libinit$$00000031  c_w.l(libinit2.o)
    0x000002fe   0x00000002   Code   RO          495    .ARM.Collect$$libshutdown$$00000000  c_w.l(libshutdown.o)
    0x00000300   0x00000000   Code   RO          507    .ARM.Collect$$libshutdown$$00000003  c_w.l(libshutdown2.o)
    0x00000300   0x00000000   Code   RO          510    .ARM.Collect$$libshutdown$$00000006  c_w.l(libshutdown2.o)
    0x00000300   0x00000000   Code   RO          513    .ARM.Collect$$libshutdown$$00000009  c_w.l(libshutdown2.o)
    0x00000300   0x00000000   Code   RO          515    .ARM.Collect$$libshutdown$$0000000B  c_w.l(libshutdown2.o)
    0x00000300   0x00000000   Code   RO          518    .ARM.Collect$$libshutdown$$0000000E  c_w.l(libshutdown2.o)
    0x00000300   0x00000002   Code   RO          519    .ARM.Collect$$libshutdown$$0000000F  c_w.l(libshutdown2.o)
    0x00000302   0x00000000   Code   RO          265    .ARM.Collect$$rtentry$$00000000  c_w.l(rtentry.o)
    0x00000302   0x00000000   Code   RO          320    .ARM.Collect$$rtentry$$00000002  c_w.l(rtentry2.o)
    0x00000302   0x00000006   Code   RO          332    .ARM.Collect$$rtentry$$00000004  c_w.l(rtentry4.o)
    0x00000308   0x00000000   Code   RO          322    .ARM.Collect$$rtentry$$00000009  c_w.l(rtentry2.o)
    0x00000308   0x00000004   Code   RO          323    .ARM.Collect$$rtentry$$0000000A  c_w.l(rtentry2.o)
    0x0000030c   0x00000000   Code   RO          325    .ARM.Collect$$rtentry$$0000000C  c_w.l(rtentry2.o)
    0x0000030c   0x00000008   Code   RO          326    .ARM.Collect$$rtentry$$0000000D  c_w.l(rtentry2.o)
    0x00000314   0x00000002   Code   RO          464    .ARM.Collect$$rtexit$$00000000  c_w.l(rtexit.o)
    0x00000316   0x00000000   Code   RO          473    .ARM.Collect$$rtexit$$00000002  c_w.l(rtexit2.o)
    0x00000316   0x00000004   Code   RO          474    .ARM.Collect$$rtexit$$00000003  c_w.l(rtexit2.o)
    0x0000031a   0x00000006   Code   RO          475    .ARM.Collect$$rtexit$$00000004  c_w.l(rtexit2.o)
    0x00000320   0x00000114   Code   RO            4  * .text               startup_tm4c123.o
    0x00000434   0x0000007c   Code   RO           10    .text               main.o
    0x000004b0   0x00000084   Code   RO           70    .text               gpio.o
    0x00000534   0x000001c0   Code   RO           82    .text               disance.o
    0x000006f4   0x0000007a   Code   RO           94    .text               systick.o
    0x0000076e   0x00000002   PAD
    0x00000770   0x000000bc   Code   RO          106    .text               uart.o
    0x0000082c   0x000002cc   Code   RO          121    .text               lcd.o
    0x00000af8   0x00000028   Code   RO          164    .text               c_w.l(noretval__2sprintf.o)
    0x00000b20   0x00000068   Code   RO          166    .text               c_w.l(__printf.o)
    0x00000b88   0x00000080   Code   RO          195    .text               c_w.l(strcmpv7m.o)
    0x00000c08   0x00000006   Code   RO          197    .text               c_w.l(heapauxi.o)
    0x00000c0e   0x00000016   Code   RO          266    .text               c_w.l(_rserrno.o)
    0x00000c24   0x00000420   Code   RO          268    .text               c_w.l(_printf_fp_dec.o)
    0x00001044   0x00000030   Code   RO          270    .text               c_w.l(_printf_char_common.o)
    0x00001074   0x0000000a   Code   RO          272    .text               c_w.l(_sputc.o)
    0x0000107e   0x00000002   PAD
    0x00001080   0x00000008   Code   RO          337    .text               c_w.l(rt_locale_intlibspace.o)
    0x00001088   0x00000008   Code   RO          342    .text               c_w.l(rt_errno_addr_intlibspace.o)
    0x00001090   0x0000008a   Code   RO          344    .text               c_w.l(lludiv10.o)
    0x0000111a   0x00000002   PAD
    0x0000111c   0x00000080   Code   RO          346    .text               c_w.l(_printf_fp_infnan.o)
    0x0000119c   0x000000e4   Code   RO          350    .text               c_w.l(bigflt0.o)
    0x00001280   0x00000008   Code   RO          406    .text               c_w.l(libspace.o)
    0x00001288   0x0000004a   Code   RO          409    .text               c_w.l(sys_stackheap_outer.o)
    0x000012d2   0x0000000c   Code   RO          411    .text               c_w.l(exit.o)
    0x000012de   0x00000002   PAD
    0x000012e0   0x0000000c   Code   RO          485    .text               c_w.l(sys_exit.o)
    0x000012ec   0x00000002   Code   RO          496    .text               c_w.l(use_no_semi.o)
    0x000012ee   0x00000000   Code   RO          498    .text               c_w.l(indicate_semi.o)
    0x000012ee   0x0000003e   Code   RO          353    CL$$btod_d2e        c_w.l(btod.o)
    0x0000132c   0x00000046   Code   RO          355    CL$$btod_d2e_denorm_low  c_w.l(btod.o)
    0x00001372   0x00000060   Code   RO          354    CL$$btod_d2e_norm_op1  c_w.l(btod.o)
    0x000013d2   0x00000338   Code   RO          363    CL$$btod_div_common  c_w.l(btod.o)
    0x0000170a   0x000000c6   Code   RO          360    CL$$btod_e2e        c_w.l(btod.o)
    0x000017d0   0x00000028   Code   RO          357    CL$$btod_ediv       c_w.l(btod.o)
    0x000017f8   0x00000028   Code   RO          356    CL$$btod_emul       c_w.l(btod.o)
    0x00001820   0x00000244   Code   RO          362    CL$$btod_mult_common  c_w.l(btod.o)
    0x00001a64   0x00000028   Code   RO          402    i.__ARM_fpclassify  m_ws.l(fpclassify.o)
    0x00001a8c   0x00000388   Code   RO          308    i.__ieee754_rem_pio2  m_ws.l(rred.o)
    0x00001e14   0x000000fc   Code   RO          304    i.__kernel_cos      m_ws.l(cos_i.o)
    0x00001f10   0x000000aa   Code   RO          404    i.__kernel_poly     m_ws.l(poly.o)
    0x00001fba   0x00000002   PAD
    0x00001fbc   0x000000ec   Code   RO          313    i.__kernel_sin      m_ws.l(sin_i.o)
    0x000020a8   0x00000010   Code   RO          400    i.__mathlib_dbl_underflow  m_ws.l(dunder.o)
    0x000020b8   0x00000224   Code   RO          295    i.atan              m_ws.l(atan.o)
    0x000022dc   0x00000180   Code   RO          234    i.atan2             m_ws.l(atan2.o)
    0x0000245c   0x000000ac   Code   RO          242    i.cos               m_ws.l(cos.o)
    0x00002508   0x000000b0   Code   RO          250    i.sin               m_ws.l(sin.o)
    0x000025b8   0x0000004c   Code   RO          258    i.sqrt              m_ws.l(sqrt.o)
    0x00002604   0x0000002c   Code   RO          376    locale$$code        c_w.l(lc_numeric_c.o)
    0x00002630   0x00000062   Code   RO          201    x$fpl$d2f           fz_ws.l(d2f.o)
    0x00002692   0x00000002   PAD
    0x00002694   0x00000150   Code   RO          203    x$fpl$dadd          fz_ws.l(daddsub_clz.o)
    0x000027e4   0x00000010   Code   RO          382    x$fpl$dcheck1       fz_ws.l(dcheck1.o)
    0x000027f4   0x000002b0   Code   RO          210    x$fpl$ddiv          fz_ws.l(ddiv.o)
    0x00002aa4   0x0000005e   Code   RO          386    x$fpl$dfix          fz_ws.l(dfix.o)
    0x00002b02   0x0000002e   Code   RO          391    x$fpl$dflt          fz_ws.l(dflt_clz.o)
    0x00002b30   0x00000026   Code   RO          390    x$fpl$dfltu         fz_ws.l(dflt_clz.o)
    0x00002b56   0x00000002   PAD
    0x00002b58   0x00000154   Code   RO          213    x$fpl$dmul          fz_ws.l(dmul.o)
    0x00002cac   0x0000009c   Code   RO          279    x$fpl$dnaninf       fz_ws.l(dnaninf.o)
    0x00002d48   0x0000000c   Code   RO          281    x$fpl$dretinf       fz_ws.l(dretinf.o)
    0x00002d54   0x00000016   Code   RO          204    x$fpl$drsb          fz_ws.l(daddsub_clz.o)
    0x00002d6a   0x00000002   PAD
    0x00002d6c   0x00000198   Code   RO          283    x$fpl$dsqrt         fz_ws.l(dsqrt_umaal.o)
    0x00002f04   0x000001d4   Code   RO          205    x$fpl$dsub          fz_ws.l(daddsub_clz.o)
    0x000030d8   0x00000056   Code   RO          215    x$fpl$f2d           fz_ws.l(f2d.o)
    0x0000312e   0x00000002   PAD
    0x00003130   0x000000c4   Code   RO          217    x$fpl$fadd          fz_ws.l(faddsub_clz.o)
    0x000031f4   0x00000018   Code   RO          396    x$fpl$fcmpinf       fz_ws.l(fcmpi.o)
    0x0000320c   0x00000184   Code   RO          224    x$fpl$fdiv          fz_ws.l(fdiv.o)
    0x00003390   0x00000068   Code   RO          285    x$fpl$fleqf         fz_ws.l(fleqf.o)
    0x000033f8   0x00000102   Code   RO          227    x$fpl$fmul          fz_ws.l(fmul.o)
    0x000034fa   0x0000008c   Code   RO          287    x$fpl$fnaninf       fz_ws.l(fnaninf.o)
    0x00003586   0x0000000a   Code   RO          289    x$fpl$fretinf       fz_ws.l(fretinf.o)
    0x00003590   0x00000062   Code   RO          229    x$fpl$frleqf        fz_ws.l(frleqf.o)
    0x000035f2   0x00000014   Code   RO          218    x$fpl$frsb          fz_ws.l(faddsub_clz.o)
    0x00003606   0x00000002   PAD
    0x00003608   0x000000ea   Code   RO          219    x$fpl$fsub          fz_ws.l(faddsub_clz.o)
    0x000036f2   0x00000004   Code   RO          231    x$fpl$printf1       fz_ws.l(printf1.o)
    0x000036f6   0x00000064   Code   RO          462    x$fpl$retnan        fz_ws.l(retnan.o)
    0x0000375a   0x0000005c   Code   RO          291    x$fpl$scalbn        fz_ws.l(scalbn.o)
    0x000037b6   0x00000030   Code   RO          470    x$fpl$trapveneer    fz_ws.l(trapv.o)
    0x000037e6   0x00000000   Code   RO          293    x$fpl$usenofp       fz_ws.l(usenofp.o)
    0x000037e6   0x00000002   PAD
    0x000037e8   0x00000098   Data   RO          296    .constdata          m_ws.l(atan.o)
    0x00003880   0x00000030   Data   RO          305    .constdata          m_ws.l(cos_i.o)
    0x000038b0   0x00000008   Data   RO          307    .constdata          m_ws.l(qnan.o)
    0x000038b8   0x000000c8   Data   RO          310    .constdata          m_ws.l(rred.o)
    0x00003980   0x00000028   Data   RO          314    .constdata          m_ws.l(sin_i.o)
    0x000039a8   0x00000094   Data   RO          351    .constdata          c_w.l(bigflt0.o)
    0x00003a3c   0x00000020   Data   RO          544    Region$$Table       anon$$obj.o
    0x00003a5c   0x0000001c   Data   RO          375    locale$$data        c_w.l(lc_numeric_c.o)


    Execution Region ER_RW (Base: 0x20000000, Size: 0x00000048, Max: 0xffffffff, ABSOLUTE)

    Base Addr    Size         Type   Attr      Idx    E Section Name        Object

    0x20000000   0x00000048   Data   RW           11    .data               main.o


    Execution Region ER_ZI (Base: 0x20000048, Size: 0x00000260, Max: 0xffffffff, ABSOLUTE)

    Base Addr    Size         Type   Attr      Idx    E Section Name        Object

    0x20000048   0x00000060   Zero   RW          407    .bss                c_w.l(libspace.o)
    0x200000a8   0x00000000   Zero   RW            2    HEAP                startup_tm4c123.o
    0x200000a8   0x00000200   Zero   RW            1    STACK               startup_tm4c123.o


==============================================================================

Image component sizes


      Code (inc. data)   RO Data    RW Data    ZI Data      Debug   Object Name

       448         22          0          0          0       1026   disance.o
       132         28          0          0          0        522   gpio.o
       716         26          0          0          0       1728   lcd.o
       124         12          0         72          0       5357   main.o
       276         24        620          0        512       5312   startup_tm4c123.o
       122          0          0          0          0        978   systick.o
       188         18          0          0          0        852   uart.o

    ----------------------------------------------------------------------
      2008        130        652         72        512      15775   Object Totals
         0          0         32          0          0          0   (incl. Generated)
         2          0          0          0          0          0   (incl. Padding)

    ----------------------------------------------------------------------

      Code (inc. data)   RO Data    RW Data    ZI Data      Debug   Library Member Name

         8          0          0          0          0         68   __main.o
       104          0          0          0          0         84   __printf.o
        52          8          0          0          0          0   __scatter.o
        26          0          0          0          0          0   __scatter_copy.o
        28          0          0          0          0          0   __scatter_zi.o
        48          6          0          0          0         96   _printf_char_common.o
         6          0          0          0          0          0   _printf_f.o
      1056          0          0          0          0        216   _printf_fp_dec.o
       128         16          0          0          0         84   _printf_fp_infnan.o
         0          0          0          0          0          0   _printf_percent.o
         4          0          0          0          0          0   _printf_percent_end.o
        22          0          0          0          0        100   _rserrno.o
        10          0          0          0          0         68   _sputc.o
       228          6        148          0          0         96   bigflt0.o
      1910        128          0          0          0        672   btod.o
        12          0          0          0          0         72   exit.o
         6          0          0          0          0        152   heapauxi.o
         0          0          0          0          0          0   indicate_semi.o
        44         10         28          0          0         76   lc_numeric_c.o
         2          0          0          0          0          0   libinit.o
        18          0          0          0          0          0   libinit2.o
         2          0          0          0          0          0   libshutdown.o
         2          0          0          0          0          0   libshutdown2.o
         8          4          0          0         96         68   libspace.o
       138          0          0          0          0         80   lludiv10.o
        40          6          0          0          0         84   noretval__2sprintf.o
         8          4          0          0          0         68   rt_errno_addr_intlibspace.o
         8          4          0          0          0         68   rt_locale_intlibspace.o
         0          0          0          0          0          0   rtentry.o
        12          0          0          0          0          0   rtentry2.o
         6          0          0          0          0          0   rtentry4.o
         2          0          0          0          0          0   rtexit.o
        10          0          0          0          0          0   rtexit2.o
       128          0          0          0          0         68   strcmpv7m.o
        12          4          0          0          0         68   sys_exit.o
        74          0          0          0          0         80   sys_stackheap_outer.o
         2          0          0          0          0         68   use_no_semi.o
        98          4          0          0          0         92   d2f.o
       826         16          0          0          0        348   daddsub_clz.o
        16          4          0          0          0         68   dcheck1.o
       688        140          0          0          0        208   ddiv.o
        94          4          0          0          0         92   dfix.o
        84          0          0          0          0        136   dflt_clz.o
       340         12          0          0          0        104   dmul.o
       156          4          0          0          0         92   dnaninf.o
        12          0          0          0          0         68   dretinf.o
       408         56          0          0          0        120   dsqrt_umaal.o
        86          4          0          0          0         84   f2d.o
       450          8          0          0          0        236   faddsub_clz.o
        24          0          0          0          0         68   fcmpi.o
       388         76          0          0          0         96   fdiv.o
       104          4          0          0          0         84   fleqf.o
       258          4          0          0          0         84   fmul.o
       140          4          0          0          0         84   fnaninf.o
        10          0          0          0          0         68   fretinf.o
        98          0          0          0          0         68   frleqf.o
         4          0          0          0          0         68   printf1.o
       100          0          0          0          0         68   retnan.o
        92          0          0          0          0         68   scalbn.o
        48          0          0          0          0         68   trapv.o
         0          0          0          0          0          0   usenofp.o
       548         70        152          0          0        124   atan.o
       384         38          0          0          0        144   atan2.o
       172          8          0          0          0        112   cos.o
       252         22         48          0          0        124   cos_i.o
        16          6          0          0          0         68   dunder.o
        40          0          0          0          0         68   fpclassify.o
       170          0          0          0          0         96   poly.o
         0          0          8          0          0          0   qnan.o
       904         72        200          0          0        140   rred.o
       176         10          0          0          0        116   sin.o
       236         12         40          0          0        128   sin_i.o
        76          0          0          0          0         84   sqrt.o

    ----------------------------------------------------------------------
     11684        774        624          0         96       6112   Library Totals
        22          0          0          0          0          0   (incl. Padding)

    ----------------------------------------------------------------------

      Code (inc. data)   RO Data    RW Data    ZI Data      Debug   Library Name

      4164        196        176          0         96       2436   c_w.l
      4524        340          0          0          0       2472   fz_ws.l
      2974        238        448          0          0       1204   m_ws.l

    ----------------------------------------------------------------------
     11684        774        624          0         96       6112   Library Totals

    ----------------------------------------------------------------------

==============================================================================


      Code (inc. data)   RO Data    RW Data    ZI Data      Debug   

     13692        904       1276         72        608      18091   Grand Totals
     13692        904       1276         72        608      18091   ELF Image Totals
     13692        904       1276         72          0          0   ROM Totals

==============================================================================

    Total RO  Size (Code + RO Data)                14968 (  14.62kB)
    Total RW  Size (RW Data + ZI Data)               680 (   0.66kB)
    Total ROM Size (Code + RO Data + RW Data)      15040 (  14.69kB)

==============================================================================

