<html>
<body>
<pre>
<h1>µVision Build Log</h1>
<h2>Project:</h2>
E:\KeilProjects\first_miletsone\est2.uvproj
Project File Date:  06/06/2021

<h2>Output:</h2>
Build target 'Project'
linking...
Program Size: Code=13692 RO-data=1276 RW-data=72 ZI-data=608  
".\est2.axf" - 0 Error(s), 0 Warning(s).
ance.h(9): warning:  #1-D: last line of file ends without a newline
  #endif 
systick.h(7): warning:  #1295-D: Deprecated declaration SysTick_Wait - give arg types
  void SysTick_Wait();
systick.h(10): warning:  #1295-D: Deprecated declaration SysTick_Waitu - give arg types
  void SysTick_Waitu();
Lcd.h(26): warning:  #1295-D: Deprecated declaration LCD_Clear - give arg types
  void LCD_Clear();/*function used to clear what is  wriiten on  lcd*/
Lcd.h(28): warning:  #1-D: last line of file ends without a newline
  #endif /* LCD_H_ */
GPScutting.h(14): warning:  #1-D: last line of file ends without a newline
  #endif
main.c: 7 warnings, 0 errors
compiling systick.c...
systick.h(7): warning:  #1295-D: Deprecated declaration SysTick_Wait - give arg types
  void SysTick_Wait();
systick.h(10): warning:  #1295-D: Deprecated declaration SysTick_Waitu - give arg types
  void SysTick_Waitu();
systick.c(39): warning:  #1-D: last line of file ends without a newline
        }
systick.c: 3 warnings, 0 errors
compiling lcd.c...
systick.h(7): warning:  #1295-D: Deprecated declaration SysTick_Wait - give arg types
  void SysTick_Wait();
systick.h(10): warning:  #1295-D: Deprecated declaration SysTick_Waitu - give arg types
  void SysTick_Waitu();
Lcd.h(26): warning:  #1295-D: Deprecated declaration LCD_Clear - give arg types
  void LCD_Clear();/*function used to clear what is  wriiten on  lcd*/
Lcd.h(28): warning:  #1-D: last line of file ends without a newline
  #endif /* LCD_H_ */
lcd.c(122): warning:  #167-D: argument of type "unsigned char *" is incompatible with parameter of type "const char *"
  LCD_displayString(numberArray);
lcd.c: 5 warnings, 0 errors
linking...
Program Size: Code=13692 RO-data=1276 RW-data=72 ZI-data=608  
".\est2.axf" - 0 Error(s), 15 Warning(s).
